Archive member included to satisfy reference by file (symbol)

C:/devkitPro/libogc/lib/wii\libwiiuse.a(wpad.o)
                              main.o (WPAD_Init)
C:/devkitPro/libogc/lib/wii\libwiiuse.a(motion_plus.o)
                              C:/devkitPro/libogc/lib/wii\libwiiuse.a(wpad.o) (wiiuse_set_motion_plus)
C:/devkitPro/libogc/lib/wii\libwiiuse.a(dynamics.o)
                              C:/devkitPro/libogc/lib/wii\libwiiuse.a(wpad.o) (calculate_gforce)
C:/devkitPro/libogc/lib/wii\libwiiuse.a(io.o)
                              C:/devkitPro/libogc/lib/wii\libwiiuse.a(motion_plus.o) (wiiuse_disable_expansion)
C:/devkitPro/libogc/lib/wii\libwiiuse.a(io_wii.o)
                              C:/devkitPro/libogc/lib/wii\libwiiuse.a(wpad.o) (__wiiuse_sensorbar_enable)
C:/devkitPro/libogc/lib/wii\libwiiuse.a(ir.o)
                              C:/devkitPro/libogc/lib/wii\libwiiuse.a(motion_plus.o) (wiiuse_set_ir_mode)
C:/devkitPro/libogc/lib/wii\libwiiuse.a(nunchuk.o)
                              C:/devkitPro/libogc/lib/wii\libwiiuse.a(io.o) (nunchuk_handshake)
C:/devkitPro/libogc/lib/wii\libwiiuse.a(wiiboard.o)
                              C:/devkitPro/libogc/lib/wii\libwiiuse.a(io.o) (wii_board_handshake)
C:/devkitPro/libogc/lib/wii\libwiiuse.a(wiiuse.o)
                              C:/devkitPro/libogc/lib/wii\libwiiuse.a(wpad.o) (wiiuse_init)
C:/devkitPro/libogc/lib/wii\libwiiuse.a(speaker.o)
                              C:/devkitPro/libogc/lib/wii\libwiiuse.a(wpad.o) (wencdata)
C:/devkitPro/libogc/lib/wii\libwiiuse.a(classic.o)
                              C:/devkitPro/libogc/lib/wii\libwiiuse.a(io.o) (classic_ctrl_handshake)
C:/devkitPro/libogc/lib/wii\libwiiuse.a(events.o)
                              C:/devkitPro/libogc/lib/wii\libwiiuse.a(io_wii.o) (parse_event)
C:/devkitPro/libogc/lib/wii\libwiiuse.a(guitar_hero_3.o)
                              C:/devkitPro/libogc/lib/wii\libwiiuse.a(io.o) (guitar_hero_3_handshake)
C:/devkitPro/libogc/lib/wii\libbte.a(bte.o)
                              C:/devkitPro/libogc/lib/wii\libwiiuse.a(wpad.o) (BTE_Init)
C:/devkitPro/libogc/lib/wii\libbte.a(hci.o)
                              C:/devkitPro/libogc/lib/wii\libbte.a(bte.o) (hci_init)
C:/devkitPro/libogc/lib/wii\libbte.a(l2cap.o)
                              C:/devkitPro/libogc/lib/wii\libbte.a(bte.o) (l2cap_init)
C:/devkitPro/libogc/lib/wii\libbte.a(btmemb.o)
                              C:/devkitPro/libogc/lib/wii\libbte.a(bte.o) (btmemb_init)
C:/devkitPro/libogc/lib/wii\libbte.a(btmemr.o)
                              C:/devkitPro/libogc/lib/wii\libbte.a(hci.o) (btmemr_init)
C:/devkitPro/libogc/lib/wii\libbte.a(btpbuf.o)
                              C:/devkitPro/libogc/lib/wii\libbte.a(hci.o) (btpbuf_init)
C:/devkitPro/libogc/lib/wii\libbte.a(physbusif.o)
                              C:/devkitPro/libogc/lib/wii\libbte.a(bte.o) (physbusif_init)
C:/devkitPro/libogc/lib/wii\libogc.a(console.o)
                              main.o (CON_Init)
C:/devkitPro/libogc/lib/wii\libogc.a(lwp_queue.o)
                              C:/devkitPro/libogc/lib/wii\libwiiuse.a(io_wii.o) (__lwp_queue_initialize)
C:/devkitPro/libogc/lib/wii\libogc.a(lwp_threads.o)
                              C:/devkitPro/libogc/lib/wii\libwiiuse.a(wpad.o) (_thread_dispatch_disable_level)
C:/devkitPro/libogc/lib/wii\libogc.a(lwp.o)
                              C:/devkitPro/libogc/lib/wii\libbte.a(bte.o) (LWP_InitQueue)
C:/devkitPro/libogc/lib/wii\libogc.a(lwp_handler.o)
                              C:/devkitPro/libogc/lib/wii\libogc.a(lwp_threads.o) (_cpu_context_save_fp)
C:/devkitPro/libogc/lib/wii\libogc.a(lwp_stack.o)
                              C:/devkitPro/libogc/lib/wii\libogc.a(lwp_threads.o) (__lwp_stack_allocate)
C:/devkitPro/libogc/lib/wii\libogc.a(lwp_watchdog.o)
                              C:/devkitPro/libogc/lib/wii\libogc.a(lwp_threads.o) (_wd_ticks_queue)
C:/devkitPro/libogc/lib/wii\libogc.a(lwp_wkspace.o)
                              C:/devkitPro/libogc/lib/wii\libwiiuse.a(motion_plus.o) (__wkspace_heap)
C:/devkitPro/libogc/lib/wii\libogc.a(lwp_objmgr.o)
                              C:/devkitPro/libogc/lib/wii\libogc.a(lwp.o) (__lwp_objmgr_initinfo)
C:/devkitPro/libogc/lib/wii\libogc.a(lwp_heap.o)
                              C:/devkitPro/libogc/lib/wii\libogc.a(lwp_wkspace.o) (__lwp_heap_init)
C:/devkitPro/libogc/lib/wii\libogc.a(sys_state.o)
                              C:/devkitPro/libogc/lib/wii\libogc.a(lwp_threads.o) (_sys_state_curr)
C:/devkitPro/libogc/lib/wii\libogc.a(irq.o)
                              C:/devkitPro/libogc/lib/wii\libwiiuse.a(io_wii.o) (IRQ_Disable)
C:/devkitPro/libogc/lib/wii\libogc.a(video.o)
                              C:/devkitPro/libogc/lib/wii\libogc.a(console.o) (VIDEO_GetCurrentFramebuffer)
C:/devkitPro/libogc/lib/wii\libogc.a(system.o)
[...]
Memory Configuration

Name             Origin             Length             Attributes
*default*        0x00000000         0xffffffff

Linker script and memory map

                0x00003400                        . = 0x3400

.stub
 *(.stub)
                0x80004000                        . = 0x80004000

.init           0x80004000      0x194
 *crt0.o(*.init)
 .init          0x80004000      0x170 C:/devkitPro/libogc/lib/wii\libogc.a(ogc_crt0.o)
                0x80004000                _start
                0x80004140                _memset
 *(.init)
 .init          0x80004170        0xc C:/devkitPro/devkitPPC/bin/../lib/gcc/powerpc-eabi/13.2.0/ecrti.o
                0x80004170                __init
 .init          0x8000417c        0x4 C:/devkitPro/devkitPPC/bin/../lib/gcc/powerpc-eabi/13.2.0/crtbegin.o
 .init          0x80004180        0x4 C:/devkitPro/devkitPPC/bin/../lib/gcc/powerpc-eabi/13.2.0/crtend.o
 .init          0x80004184       0x10 C:/devkitPro/devkitPPC/bin/../lib/gcc/powerpc-eabi/13.2.0/ecrtn.o

.rela.dyn       0x80004194        0x0
 .rela.iplt     0x80004194        0x0 C:/devkitPro/devkitPPC/bin/../lib/gcc/powerpc-eabi/13.2.0/crtbegin.o

.plt
 *(.plt)

.interp
 *(.interp)

.hash
 *(.hash)

.dynsym
 *(.dynsym)

.dynstr
 *(.dynstr)

.gnu.version
 *(.gnu.version)

.gnu.version_d
 *(.gnu.version_d)

.gnu.version_r
 *(.gnu.version_r)

.rel.init
 *(.rel.init)

.rela.init
 *(.rela.init)

.rel.text
 *(.rel.text .rel.text.* .rel.gnu.linkonce.t.*)

.rela.text      0x80004194        0x0
 *(.rela.text .rela.text.* .rela.gnu.linkonce.t.*)
 .rela.text.__do_global_dtors_aux
                0x80004194        0x0 C:/devkitPro/devkitPPC/bin/../lib/gcc/powerpc-eabi/13.2.0/crtbegin.o
 .rela.text.frame_dummy
                0x80004194        0x0 C:/devkitPro/devkitPPC/bin/../lib/gcc/powerpc-eabi/13.2.0/crtbegin.o

.rel.fini
 *(.rel.fini)

.rela.fini
 *(.rela.fini)

.rel.rodata
 *(.rel.rodata .rel.rodata.* .rel.gnu.linkonce.r.*)

.rela.rodata
 *(.rela.rodata .rela.rodata.* .rela.gnu.linkonce.r.*)

.rel.data
 *(.rel.data .rel.data.* .rel.gnu.linkonce.d.*)

.rela.data
 *(.rela.data .rela.data.* .rela.gnu.linkonce.d.*)

.rel.tdata
 *(.rel.tdata .rel.tdata.* .rel.gnu.linkonce.td.*)

.rela.tdata
 *(.rela.tdata .rela.tdata.* .rela.gnu.linkonce.td.*)

.rel.tbss
 *(.rel.tbss .rel.tbss.* .rel.gnu.linkonce.tb.*)

.rela.tbss
 *(.rela.tbss .rela.tbss.* .rela.gnu.linkonce.tb.*)

.rel.ctors
 *(.rel.ctors)

.rela.ctors
 *(.rela.ctors)

.rel.dtors
 *(.rel.dtors)

.rela.dtors
 *(.rela.dtors)

.rel.got
 *(.rel.got)

.rela.got
 *(.rela.got)

.rela.got1
 *(.rela.got1)

.rela.got2
 *(.rela.got2)

.rel.sdata
 *(.rel.sdata .rel.sdata.* .rel.gnu.linkonce.s.*)

.rela.sdata
 *(.rela.sdata .rela.sdata.* .rela.gnu.linkonce.s.*)

.rel.sbss
 *(.rel.sbss .rel.sbss.* .rel.gnu.linkonce.sb.*)

.rela.sbss
 *(.rela.sbss .rela.sbss.* .rel.gnu.linkonce.sb.*)

.rel.sdata2
 *(.rel.sdata2 .rel.sdata2.* .rel.gnu.linkonce.s2.*)

.rela.sdata2
 *(.rela.sdata2 .rela.sdata2.* .rela.gnu.linkonce.s2.*)

.rel.sbss2
 *(.rel.sbss2 .rel.sbss2.* .rel.gnu.linkonce.sb2.*)

.rela.sbss2
 *(.rela.sbss2 .rela.sbss2.* .rela.gnu.linkonce.sb2.*)

.rel.bss
 *(.rel.bss .rel.bss.* .rel.gnu.linkonce.b.*)

.rela.bss
 *(.rela.bss .rela.bss.* .rela.gnu.linkonce.b.*)

.rel.plt
 *(.rel.plt)

.rela.plt
 *(.rela.plt)

.text           0x800041a0    0x396c0
 *(.text)
 .text          0x800041a0      0x44c C:/devkitPro/libogc/lib/wii\libogc.a(lwp_handler.o)
                0x800041a0                _cpu_context_save_fp
                0x800042e0                _cpu_context_restore_fp
                0x80004420                _cpu_context_switch
                0x80004500                _cpu_context_save
                0x80004580                _cpu_context_restore
 .text          0x800045ec      0x4a0 C:/devkitPro/libogc/lib/wii\libogc.a(system_asm.o)
                0x800045ec                __realmode
                0x80004604                __configBATS
                0x80004734                __InitFPRS
                0x80004860                __InitPS
                0x800048bc                __InitCache
                0x80004914                __InitSystem
                0x8000499c                __flush_cache
                0x800049d0                __reset
                0x80004a40                __InitBATS
                0x80004a5c                SYS_SwitchFiber
 .text          0x80004a8c      0x1ac C:/devkitPro/libogc/lib/wii\libogc.a(irq_handler.o)
                0x80004a8c                irq_exceptionhandler
 .text          0x80004c38      0x4f4 C:/devkitPro/libogc/lib/wii\libogc.a(cache_asm.o)
                0x80004c38                DCFlashInvalidate
                0x80004c4c                DCEnable
                0x80004c60                DCDisable
                0x80004c74                DCFreeze
                0x80004c88                DCUnfreeze
                0x80004c9c                DCTouchLoad
                0x80004ca4                DCBlockZero
                0x80004cac                DCBlockStore
                0x80004cb4                DCBlockFlush
                0x80004cbc                DCBlockInvalidate
                0x80004cc4                DCInvalidateRange
                0x80004cf4                DCFlushRange
                0x80004d28                DCStoreRange
                0x80004d5c                DCFlushRangeNoSync
                0x80004d8c                DCStoreRangeNoSync
                0x80004dbc                DCZeroRange
                0x80004dec                DCTouchRange
                0x80004e1c                ICInvalidateRange
                0x80004e54                ICFlashInvalidate
                0x80004e68                ICEnable
                0x80004e7c                ICDisable
                0x80004e90                ICFreeze
                0x80004ea4                ICUnfreeze
                0x80004eb8                ICBlockInvalidate
                0x80004ec0                ICSync
                0x80004ec8                L2Init
                0x80004f10                L2Enable
                0x80004f2c                L2Disable
                0x80004f44                L2GlobalInvalidate
                0x80004f9c                __LCEnable
                0x80005068                LCDisable
                0x80005090                LCAllocOneTag
                0x800050a4                LCAllocTags
                0x800050e4                LCLoadBlocks
                0x80005108                LCStoreBlocks
 .text          0x8000512c      0x1ac C:/devkitPro/libogc/lib/wii\libogc.a(decrementer_handler.o)
                0x8000512c                dec_exceptionhandler
 .text          0x800052d8      0x35c C:/devkitPro/libogc/lib/wii\libogc.a(exception_handler.o)
                0x800052d8                exceptionhandler_start
                0x80005354                exceptionhandler_patch
                0x80005388                exceptionhandler_end
                0x8000538c                default_exceptionhandler
                0x800054bc                fpu_exceptionhandler
                0x80005604                systemcallhandler_start
                0x80005630                systemcallhandler_end
 .text          0x80005634       0x48 C:/devkitPro/devkitPPC/bin/../lib/gcc/powerpc-eabi/13.2.0\libgcc.a(eabi.o)
                0x80005634                __eabi
 .text          0x8000567c       0x58 C:/devkitPro/devkitPPC/bin/../lib/gcc/powerpc-eabi/13.2.0\libgcc.a(crtresxfpr.o)
                0x8000567c                _restfpr_14_x
                0x80005680                _restfpr_15_x
                0x80005684                _restfpr_16_x
                0x80005688                _restfpr_17_x
                0x8000568c                _restfpr_18_x
                0x80005690                _restfpr_19_x
                0x80005694                _restfpr_20_x
                0x80005698                _restfpr_21_x
                0x8000569c                _restfpr_22_x
                0x800056a0                _restfpr_23_x
                0x800056a4                _restfpr_24_x
                0x800056a8                _restfpr_25_x
                0x800056ac                _restfpr_26_x
                0x800056b0                _restfpr_27_x
                0x800056b4                _restfpr_28_x
                0x800056b8                _restfpr_29_x
                0x800056bc                _restfpr_30_x
                0x800056c0                _restfpr_31_x
 .text          0x800056d4       0x58 C:/devkitPro/devkitPPC/bin/../lib/gcc/powerpc-eabi/13.2.0\libgcc.a(crtresxgpr.o)
                0x800056d4                _restgpr_14_x
                0x800056d8                _restgpr_15_x
                0x800056dc                _restgpr_16_x
                0x800056e0                _restgpr_17_x
                0x800056e4                _restgpr_18_x
                0x800056e8                _restgpr_19_x
                0x800056ec                _restgpr_20_x
                0x800056f0                _restgpr_21_x
                0x800056f4                _restgpr_22_x
                0x800056f8                _restgpr_23_x
                0x800056fc                _restgpr_24_x
                0x80005700                _restgpr_25_x
                0x80005704                _restgpr_26_x
                0x80005708                _restgpr_27_x
                0x8000570c                _restgpr_28_x
                0x80005710                _restgpr_29_x
                0x80005714                _restgpr_30_x
                0x80005718                _restgpr_31_x
 *(.text.*)
 .text.__do_global_dtors_aux
                0x8000572c       0xcc C:/devkitPro/devkitPPC/bin/../lib/gcc/powerpc-eabi/13.2.0/crtbegin.o
 .text.frame_dummy
                0x800057f8       0x24 C:/devkitPro/devkitPPC/bin/../lib/gcc/powerpc-eabi/13.2.0/crtbegin.o
 .text.__crtmain
                0x8000581c       0x44 C:/devkitPro/devkitPPC/bin/../lib/gcc/powerpc-eabi/13.2.0/../../../../powerpc-eabi/lib/crtmain.o
                0x80005820                __crtmain
 .text.Initialise
                0x80005860       0xb8 main.o
                0x80005860                Initialise
 .text.startup.main
                0x80005918       0xec main.o
                0x80005918                main
 .text.__wpad_assign_slot
                0x80005a04      0x254 C:/devkitPro/libogc/lib/wii\libwiiuse.a(wpad.o)
                0x80005a04                __wpad_assign_slot
 .text.__wpad_def_powcb
                0x80005c58        0x4 C:/devkitPro/libogc/lib/wii\libwiiuse.a(wpad.o)
 .text.__readlinkkey_finished
                0x80005c5c       0x34 C:/devkitPro/libogc/lib/wii\libwiiuse.a(wpad.o)
 .text.__wpad_patch_finished
                0x80005c90       0x2c C:/devkitPro/libogc/lib/wii\libwiiuse.a(wpad.o)
 .text.__wpad_setfmt
                0x80005cbc      0x14c C:/devkitPro/libogc/lib/wii\libwiiuse.a(wpad.o)
 .text.__wpad_eventCB
                0x80005e08      0xad4 C:/devkitPro/libogc/lib/wii\libwiiuse.a(wpad.o)
 .text.__wpad_disconnectCB
                0x800068dc       0xd4 C:/devkitPro/libogc/lib/wii\libwiiuse.a(wpad.o)
                0x800068dc                __wpad_disconnectCB
 .text.__wpad_timeouthandler
                0x800069b0       0xa8 C:/devkitPro/libogc/lib/wii\libwiiuse.a(wpad.o)
 .text.__initcore_finished
                0x80006a58       0x48 C:/devkitPro/libogc/lib/wii\libwiiuse.a(wpad.o)
 .text.__wpad_init_finished
                0x80006aa0      0x194 C:/devkitPro/libogc/lib/wii\libwiiuse.a(wpad.o)
 .text.WPAD_ReadEvent
                0x80006c34      0x68c C:/devkitPro/libogc/lib/wii\libwiiuse.a(wpad.o)
                0x80006c34                WPAD_ReadEvent
 .text.WPAD_ReadPending
                0x800072c0      0x1a0 C:/devkitPro/libogc/lib/wii\libwiiuse.a(wpad.o)
                0x800072c0                WPAD_ReadPending
 .text.WPAD_Shutdown
                0x80007460      0x114 C:/devkitPro/libogc/lib/wii\libwiiuse.a(wpad.o)
                0x80007460                WPAD_Shutdown
 .text.WPAD_Init
                0x80007574      0x2c4 C:/devkitPro/libogc/lib/wii\libwiiuse.a(wpad.o)
                0x80007574                WPAD_Init
 .text.__wpad_onreset
                0x80007838       0x34 C:/devkitPro/libogc/lib/wii\libwiiuse.a(wpad.o)
 .text.WPAD_ScanPads
                0x8000786c       0x90 C:/devkitPro/libogc/lib/wii\libwiiuse.a(wpad.o)
                0x8000786c                WPAD_ScanPads
 .text.WPAD_ButtonsDown
                0x800078fc       0x28 C:/devkitPro/libogc/lib/wii\libwiiuse.a(wpad.o)
                0x800078fc                WPAD_ButtonsDown
 .text.motion_plus_disconnected
                0x80007924       0x10 C:/devkitPro/libogc/lib/wii\libwiiuse.a(motion_plus.o)
                0x80007924                motion_plus_disconnected
 .text.motion_plus_event
                0x80007934       0x64 C:/devkitPro/libogc/lib/wii\libwiiuse.a(motion_plus.o)
                0x80007934                motion_plus_event
 .text.calculate_gforce
                0x80007998      0x114 C:/devkitPro/libogc/lib/wii\libwiiuse.a(dynamics.o)
                0x80007998                calculate_gforce
 .text.calc_joystick_state
                0x80007aac      0x210 C:/devkitPro/libogc/lib/wii\libwiiuse.a(dynamics.o)
                0x80007aac                calc_joystick_state
 .text.apply_smoothing
                0x80007cbc      0x140 C:/devkitPro/libogc/lib/wii\libwiiuse.a(dynamics.o)
                0x80007cbc                apply_smoothing
 .text.calculate_orientation
                0x80007dfc      0x340 C:/devkitPro/libogc/lib/wii\libwiiuse.a(dynamics.o)
                0x80007dfc                calculate_orientation
 .text.calc_balanceboard_state
                0x8000813c      0x3a4 C:/devkitPro/libogc/lib/wii\libwiiuse.a(dynamics.o)
                0x8000813c                calc_balanceboard_state
 .text.wiiuse_handshake
                0x800084e0      0x27c C:/devkitPro/libogc/lib/wii\libwiiuse.a(io.o)
                0x800084e0                wiiuse_handshake
 .text.wiiuse_handshake_expansion
                0x8000875c      0x1f0 C:/devkitPro/libogc/lib/wii\libwiiuse.a(io.o)
                0x8000875c                wiiuse_handshake_expansion
 .text.wiiuse_handshake_expansion_start
                0x8000894c       0x5c C:/devkitPro/libogc/lib/wii\libwiiuse.a(io.o)
                0x8000894c                wiiuse_handshake_expansion_start
 .text.wiiuse_disable_expansion
                0x800089a8      0x1b0 C:/devkitPro/libogc/lib/wii\libwiiuse.a(io.o)
                0x800089a8                wiiuse_disable_expansion
 .text.__wiiuse_connected
                0x80008b58       0x9c C:/devkitPro/libogc/lib/wii\libwiiuse.a(io_wii.o)
 .text.__wiiuse_disconnected
                0x80008bf4       0xb4 C:/devkitPro/libogc/lib/wii\libwiiuse.a(io_wii.o)
 .text.__wiiuse_receive
                0x80008ca8       0xd0 C:/devkitPro/libogc/lib/wii\libwiiuse.a(io_wii.o)
 .text.__wiiuse_sensorbar_enable
                0x80008d78       0x54 C:/devkitPro/libogc/lib/wii\libwiiuse.a(io_wii.o)
                0x80008d78                __wiiuse_sensorbar_enable
 .text.wiiuse_register
                0x80008dcc       0xf0 C:/devkitPro/libogc/lib/wii\libwiiuse.a(io_wii.o)
                0x80008dcc                wiiuse_register
 .text.wiiuse_disconnect
                0x80008ebc       0x24 C:/devkitPro/libogc/lib/wii\libwiiuse.a(io_wii.o)
                0x80008ebc                wiiuse_disconnect
 .text.wiiuse_init_cmd_queue
                0x80008ee0       0x9c C:/devkitPro/libogc/lib/wii\libwiiuse.a(io_wii.o)
                0x80008ee0                wiiuse_init_cmd_queue
 .text.wiiuse_io_write
                0x80008f7c       0x1c C:/devkitPro/libogc/lib/wii\libwiiuse.a(io_wii.o)
                0x80008f7c                wiiuse_io_write
 .text.rotate_dots
                0x80008f98      0x13c C:/devkitPro/libogc/lib/wii\libwiiuse.a(ir.o)
 .text.get_ir_sens.constprop.0.isra.0
                0x800090d4       0xdc C:/devkitPro/libogc/lib/wii\libwiiuse.a(ir.o)
 .text.wiiuse_set_ir_mode
                0x800091b0       0x5c C:/devkitPro/libogc/lib/wii\libwiiuse.a(ir.o)
                0x800091b0                wiiuse_set_ir_mode
 .text.wiiuse_set_ir
                0x8000920c      0x204 C:/devkitPro/libogc/lib/wii\libwiiuse.a(ir.o)
                0x8000920c                wiiuse_set_ir
 .text.wiiuse_set_ir_position
                0x80009410       0x80 C:/devkitPro/libogc/lib/wii\libwiiuse.a(ir.o)
                0x80009410                wiiuse_set_ir_position
 .text.wiiuse_set_aspect_ratio
                0x80009490       0xac C:/devkitPro/libogc/lib/wii\libwiiuse.a(ir.o)
                0x80009490                wiiuse_set_aspect_ratio
 .text.wiiuse_set_ir_sensitivity
                0x8000953c       0xe4 C:/devkitPro/libogc/lib/wii\libwiiuse.a(ir.o)
                0x8000953c                wiiuse_set_ir_sensitivity
 .text.calculate_basic_ir
                0x80009620       0xe8 C:/devkitPro/libogc/lib/wii\libwiiuse.a(ir.o)
                0x80009620                calculate_basic_ir
 .text.calculate_extended_ir
                0x80009708       0x64 C:/devkitPro/libogc/lib/wii\libwiiuse.a(ir.o)
                0x80009708                calculate_extended_ir
 .text.find_sensorbar
                0x8000976c      0xa00 C:/devkitPro/libogc/lib/wii\libwiiuse.a(ir.o)
                0x8000976c                find_sensorbar
 .text.apply_ir_smoothing
                0x8000a16c      0x124 C:/devkitPro/libogc/lib/wii\libwiiuse.a(ir.o)
                0x8000a16c                apply_ir_smoothing
 .text.interpret_ir_data
                0x8000a290      0x3c8 C:/devkitPro/libogc/lib/wii\libwiiuse.a(ir.o)
                0x8000a290                interpret_ir_data
 .text.nunchuk_handshake
                0x8000a658      0x31c C:/devkitPro/libogc/lib/wii\libwiiuse.a(nunchuk.o)
                0x8000a658                nunchuk_handshake
 .text.nunchuk_disconnected
                0x8000a974        0xc C:/devkitPro/libogc/lib/wii\libwiiuse.a(nunchuk.o)
                0x8000a974                nunchuk_disconnected
 .text.nunchuk_event
                0x8000a980       0xe8 C:/devkitPro/libogc/lib/wii\libwiiuse.a(nunchuk.o)
                0x8000a980                nunchuk_event
 .text.wii_board_handshake
                0x8000aa68      0x284 C:/devkitPro/libogc/lib/wii\libwiiuse.a(wiiboard.o)
                0x8000aa68                wii_board_handshake
 .text.wii_board_disconnected
                0x8000acec        0xc C:/devkitPro/libogc/lib/wii\libwiiuse.a(wiiboard.o)
                0x8000acec                wii_board_disconnected
 .text.wii_board_event
                0x8000acf8       0x24 C:/devkitPro/libogc/lib/wii\libwiiuse.a(wiiboard.o)
                0x8000acf8                wii_board_event
 .text.wiiuse_send_next_command
                0x8000ad1c       0x58 C:/devkitPro/libogc/lib/wii\libwiiuse.a(wiiuse.o)
                0x8000ad1c                wiiuse_send_next_command
 .text.wiiuse_init
                0x8000ad74      0x208 C:/devkitPro/libogc/lib/wii\libwiiuse.a(wiiuse.o)
                0x8000ad74                wiiuse_init
 .text.wiiuse_set_flags
                0x8000af7c       0x28 C:/devkitPro/libogc/lib/wii\libwiiuse.a(wiiuse.o)
                0x8000af7c                wiiuse_set_flags
 .text.wiiuse_read_data
                0x8000afa4      0x154 C:/devkitPro/libogc/lib/wii\libwiiuse.a(wiiuse.o)
                0x8000afa4                wiiuse_read_data
 .text.wiiuse_write_data
                0x8000b0f8      0x18c C:/devkitPro/libogc/lib/wii\libwiiuse.a(wiiuse.o)
                0x8000b0f8                wiiuse_write_data
 .text.wiiuse_sendcmd
                0x8000b284      0x144 C:/devkitPro/libogc/lib/wii\libwiiuse.a(wiiuse.o)
                0x8000b284                wiiuse_sendcmd
 .text.wiiuse_set_leds
                0x8000b3c8       0x50 C:/devkitPro/libogc/lib/wii\libwiiuse.a(wiiuse.o)
                0x8000b3c8                wiiuse_set_leds
 .text.wiiuse_set_report_type
                0x8000b418       0xb0 C:/devkitPro/libogc/lib/wii\libwiiuse.a(wiiuse.o)
                0x8000b418                wiiuse_set_report_type
 .text.wiiuse_status
                0x8000b4c8       0x4c C:/devkitPro/libogc/lib/wii\libwiiuse.a(wiiuse.o)
                0x8000b4c8                wiiuse_status
 .text.wiiuse_motion_sensing
                0x8000b514       0x84 C:/devkitPro/libogc/lib/wii\libwiiuse.a(wiiuse.o)
                0x8000b514                wiiuse_motion_sensing
 .text.wiiuse_set_speaker
                0x8000b598      0x24c C:/devkitPro/libogc/lib/wii\libwiiuse.a(speaker.o)
                0x8000b598                wiiuse_set_speaker
 .text.classic_ctrl_handshake
                0x8000b7e4      0x410 C:/devkitPro/libogc/lib/wii\libwiiuse.a(classic.o)
                0x8000b7e4                classic_ctrl_handshake
 .text.classic_ctrl_disconnected
                0x8000bbf4        0xc C:/devkitPro/libogc/lib/wii\libwiiuse.a(classic.o)
                0x8000bbf4                classic_ctrl_disconnected
 .text.classic_ctrl_event
                0x8000bc00      0x15c C:/devkitPro/libogc/lib/wii\libwiiuse.a(classic.o)
                0x8000bc00                classic_ctrl_event
 .text.handle_expansion
                0x8000bd5c       0x54 C:/devkitPro/libogc/lib/wii\libwiiuse.a(events.o)
 .text.parse_event
                0x8000bdb0      0x730 C:/devkitPro/libogc/lib/wii\libwiiuse.a(events.o)
                0x8000bdb0                parse_event
 .text.guitar_hero_3_handshake
                0x8000c4e0       0x5c C:/devkitPro/libogc/lib/wii\libwiiuse.a(guitar_hero_3.o)
                0x8000c4e0                guitar_hero_3_handshake
 .text.guitar_hero_3_disconnected
                0x8000c53c        0xc C:/devkitPro/libogc/lib/wii\libwiiuse.a(guitar_hero_3.o)
                0x8000c53c                guitar_hero_3_disconnected
 .text.guitar_hero_3_event
                0x8000c548       0x60 C:/devkitPro/libogc/lib/wii\libwiiuse.a(guitar_hero_3.o)
                0x8000c548                guitar_hero_3_event
 .text.acl_wlp_completed
                0x8000c5a8        0x8 C:/devkitPro/libogc/lib/wii\libbte.a(bte.o)
                0x8000c5a8                acl_wlp_completed
 .text.bt_alarmhandler
                0x8000c5b0       0x58 C:/devkitPro/libogc/lib/wii\libbte.a(bte.o)
 .text.__bte_send_pending_request
                0x8000c608      0x108 C:/devkitPro/libogc/lib/wii\libbte.a(bte.o)
 .text.acl_conn_complete
                0x8000c710       0x2c C:/devkitPro/libogc/lib/wii\libbte.a(bte.o)
                0x8000c710                acl_conn_complete
 .text.l2cap_accepted
                0x8000c73c      0x134 C:/devkitPro/libogc/lib/wii\libbte.a(bte.o)
                0x8000c73c                l2cap_accepted
 .text.l2cap_disconnect_cfm
                0x8000c870      0x19c C:/devkitPro/libogc/lib/wii\libbte.a(bte.o)
                0x8000c870                l2cap_disconnect_cfm
 .text.bte_process_input
                0x8000ca0c      0x128 C:/devkitPro/libogc/lib/wii\libbte.a(bte.o)
 .text.l2cap_disconnected_ind
                0x8000cb34      0x1a4 C:/devkitPro/libogc/lib/wii\libbte.a(bte.o)
                0x8000cb34                l2cap_disconnected_ind
 .text.__bte_shutdown_finished
                0x8000ccd8       0xe0 C:/devkitPro/libogc/lib/wii\libbte.a(bte.o)
 .text.bte_hci_apply_patch_complete
                0x8000cdb8      0x164 C:/devkitPro/libogc/lib/wii\libbte.a(bte.o)
                0x8000cdb8                bte_hci_apply_patch_complete
 .text.bte_hci_patch_complete
                0x8000cf1c      0x380 C:/devkitPro/libogc/lib/wii\libbte.a(bte.o)
                0x8000cf1c                bte_hci_patch_complete
 .text.bte_hci_initcore_complete
                0x8000d29c      0x280 C:/devkitPro/libogc/lib/wii\libbte.a(bte.o)
                0x8000d29c                bte_hci_initcore_complete
 .text.bte_read_stored_link_key_complete
                0x8000d51c      0x27c C:/devkitPro/libogc/lib/wii\libbte.a(bte.o)
                0x8000d51c                bte_read_stored_link_key_complete
 .text.bte_hci_initcore_complete2
                0x8000d798      0x22c C:/devkitPro/libogc/lib/wii\libbte.a(bte.o)
 .text.bte_hci_initsub_complete
                0x8000d9c4      0x280 C:/devkitPro/libogc/lib/wii\libbte.a(bte.o)
                0x8000d9c4                bte_hci_initsub_complete
 .text.BTE_Init
                0x8000dc44      0x138 C:/devkitPro/libogc/lib/wii\libbte.a(bte.o)
                0x8000dc44                BTE_Init
 .text.BTE_Shutdown
                0x8000dd7c      0x100 C:/devkitPro/libogc/lib/wii\libbte.a(bte.o)
                0x8000dd7c                BTE_Shutdown
 .text.BTE_InitCore
                0x8000de7c       0x8c C:/devkitPro/libogc/lib/wii\libbte.a(bte.o)
                0x8000de7c                BTE_InitCore
 .text.BTE_ApplyPatch
                0x8000df08       0xa4 C:/devkitPro/libogc/lib/wii\libbte.a(bte.o)
                0x8000df08                BTE_ApplyPatch
 .text.BTE_InitSub
                0x8000dfac       0x90 C:/devkitPro/libogc/lib/wii\libbte.a(bte.o)
                0x8000dfac                BTE_InitSub
 .text.BTE_ReadStoredLinkKey
                0x8000e03c       0x90 C:/devkitPro/libogc/lib/wii\libbte.a(bte.o)
                0x8000e03c                BTE_ReadStoredLinkKey
 .text.BTE_SetDisconnectCallback
                0x8000e0cc        0x4 C:/devkitPro/libogc/lib/wii\libbte.a(bte.o)
                0x8000e0cc                BTE_SetDisconnectCallback
 .text.bte_new  0x8000e0d0       0x54 C:/devkitPro/libogc/lib/wii\libbte.a(bte.o)
                0x8000e0d0                bte_new
 .text.bte_registerdeviceasync
                0x8000e124      0x158 C:/devkitPro/libogc/lib/wii\libbte.a(bte.o)
                0x8000e124                bte_registerdeviceasync
 .text.bte_disconnect
                0x8000e27c       0xd8 C:/devkitPro/libogc/lib/wii\libbte.a(bte.o)
                0x8000e27c                bte_disconnect
 .text.bte_senddata
                0x8000e354      0x104 C:/devkitPro/libogc/lib/wii\libbte.a(bte.o)
                0x8000e354                bte_senddata
 .text.bte_arg  0x8000e458       0x38 C:/devkitPro/libogc/lib/wii\libbte.a(bte.o)
                0x8000e458                bte_arg
 .text.bte_received
                0x8000e490       0x38 C:/devkitPro/libogc/lib/wii\libbte.a(bte.o)
                0x8000e490                bte_received
 .text.bte_disconnected
                0x8000e4c8       0x38 C:/devkitPro/libogc/lib/wii\libbte.a(bte.o)
                0x8000e4c8                bte_disconnected
 .text.hci_get_link
                0x8000e500       0x84 C:/devkitPro/libogc/lib/wii\libbte.a(hci.o)
 .text.hci_init
                0x8000e584       0x80 C:/devkitPro/libogc/lib/wii\libbte.a(hci.o)
                0x8000e584                hci_init
 .text.hci_close
                0x8000e604       0xd0 C:/devkitPro/libogc/lib/wii\libbte.a(hci.o)
                0x8000e604                hci_close
 .text.hci_reset_all
                0x8000e6d4       0xb8 C:/devkitPro/libogc/lib/wii\libbte.a(hci.o)
                0x8000e6d4                hci_reset_all
 .text.hci_arg  0x8000e78c        0xc C:/devkitPro/libogc/lib/wii\libbte.a(hci.o)
                0x8000e78c                hci_arg
 .text.hci_cmd_complete
                0x8000e798        0xc C:/devkitPro/libogc/lib/wii\libbte.a(hci.o)
                0x8000e798                hci_cmd_complete
 .text.hci_connection_complete
                0x8000e7a4        0xc C:/devkitPro/libogc/lib/wii\libbte.a(hci.o)
                0x8000e7a4                hci_connection_complete
 .text.hci_wlp_complete
                0x8000e7b0        0xc C:/devkitPro/libogc/lib/wii\libbte.a(hci.o)
                0x8000e7b0                hci_wlp_complete
 .text.hci_reset
                0x8000e7bc       0xac C:/devkitPro/libogc/lib/wii\libbte.a(hci.o)
                0x8000e7bc                hci_reset
 .text.hci_read_buffer_size
                0x8000e868       0xac C:/devkitPro/libogc/lib/wii\libbte.a(hci.o)
                0x8000e868                hci_read_buffer_size
 .text.hci_read_bd_addr
                0x8000e914       0xac C:/devkitPro/libogc/lib/wii\libbte.a(hci.o)
                0x8000e914                hci_read_bd_addr
 .text.hci_read_local_version
                0x8000e9c0       0xa8 C:/devkitPro/libogc/lib/wii\libbte.a(hci.o)
                0x8000e9c0                hci_read_local_version
 .text.hci_read_local_features
                0x8000ea68       0xac C:/devkitPro/libogc/lib/wii\libbte.a(hci.o)
                0x8000ea68                hci_read_local_features
 .text.hci_read_stored_link_key
                0x8000eb14      0x100 C:/devkitPro/libogc/lib/wii\libbte.a(hci.o)
                0x8000eb14                hci_read_stored_link_key
 .text.hci_write_page_timeout
                0x8000ec14       0xd0 C:/devkitPro/libogc/lib/wii\libbte.a(hci.o)
                0x8000ec14                hci_write_page_timeout
 .text.hci_write_scan_enable
                0x8000ece4       0xbc C:/devkitPro/libogc/lib/wii\libbte.a(hci.o)
                0x8000ece4                hci_write_scan_enable
 .text.hci_accecpt_conn_request
                0x8000eda0       0xe0 C:/devkitPro/libogc/lib/wii\libbte.a(hci.o)
                0x8000eda0                hci_accecpt_conn_request
 .text.hci_write_local_name
                0x8000ee80       0xd8 C:/devkitPro/libogc/lib/wii\libbte.a(hci.o)
                0x8000ee80                hci_write_local_name
 .text.hci_write_pin_type
                0x8000ef58       0xbc C:/devkitPro/libogc/lib/wii\libbte.a(hci.o)
                0x8000ef58                hci_write_pin_type
 .text.hci_write_inquiry_mode
                0x8000f014       0xbc C:/devkitPro/libogc/lib/wii\libbte.a(hci.o)
                0x8000f014                hci_write_inquiry_mode
 .text.hci_write_page_scan_type
                0x8000f0d0       0xbc C:/devkitPro/libogc/lib/wii\libbte.a(hci.o)
                0x8000f0d0                hci_write_page_scan_type
 .text.hci_write_inquiry_scan_type
                0x8000f18c       0xbc C:/devkitPro/libogc/lib/wii\libbte.a(hci.o)
                0x8000f18c                hci_write_inquiry_scan_type
 .text.hci_vendor_specific_command
                0x8000f248       0xe8 C:/devkitPro/libogc/lib/wii\libbte.a(hci.o)
                0x8000f248                hci_vendor_specific_command
 .text.hci_write_link_policy_settings
                0x8000f330      0x104 C:/devkitPro/libogc/lib/wii\libbte.a(hci.o)
                0x8000f330                hci_write_link_policy_settings
 .text.hci_pin_code_request_neg_reply
                0x8000f434       0xcc C:/devkitPro/libogc/lib/wii\libbte.a(hci.o)
                0x8000f434                hci_pin_code_request_neg_reply
 .text.hci_link_key_req_neg_reply
                0x8000f500       0xcc C:/devkitPro/libogc/lib/wii\libbte.a(hci.o)
                0x8000f500                hci_link_key_req_neg_reply
 .text.hci_disconnect
                0x8000f5cc       0xfc C:/devkitPro/libogc/lib/wii\libbte.a(hci.o)
                0x8000f5cc                hci_disconnect
 .text.hci_write_cod
                0x8000f6c8       0xcc C:/devkitPro/libogc/lib/wii\libbte.a(hci.o)
                0x8000f6c8                hci_write_cod
 .text.hci_host_buffer_size
                0x8000f794      0x10c C:/devkitPro/libogc/lib/wii\libbte.a(hci.o)
                0x8000f794                hci_host_buffer_size
 .text.hci_host_num_comp_packets
                0x8000f8a0      0x108 C:/devkitPro/libogc/lib/wii\libbte.a(hci.o)
                0x8000f8a0                hci_host_num_comp_packets
 .text.lp_pdu_maxsize
                0x8000f9a8        0xc C:/devkitPro/libogc/lib/wii\libbte.a(hci.o)
                0x8000f9a8                lp_pdu_maxsize
 .text.lp_acl_write
                0x8000f9b4      0x158 C:/devkitPro/libogc/lib/wii\libbte.a(hci.o)
                0x8000f9b4                lp_acl_write
 .text.lp_write_flush_timeout
                0x8000fb0c      0x104 C:/devkitPro/libogc/lib/wii\libbte.a(hci.o)
                0x8000fb0c                lp_write_flush_timeout
 .text.hci_event_handler
                0x8000fc10      0xc7c C:/devkitPro/libogc/lib/wii\libbte.a(hci.o)
                0x8000fc10                hci_event_handler
 .text.hci_acldata_handler
                0x8001088c      0x11c C:/devkitPro/libogc/lib/wii\libbte.a(hci.o)
                0x8001088c                hci_acldata_handler
 .text.l2cap_init
                0x800109a8       0x60 C:/devkitPro/libogc/lib/wii\libbte.a(l2cap.o)
                0x800109a8                l2cap_init
 .text.l2cap_write
                0x80010a08      0x1a0 C:/devkitPro/libogc/lib/wii\libbte.a(l2cap.o)
                0x80010a08                l2cap_write
 .text.l2cap_new
                0x80010ba8       0x60 C:/devkitPro/libogc/lib/wii\libbte.a(l2cap.o)
                0x80010ba8                l2cap_new
 .text.l2cap_close
                0x80010c08      0x1d4 C:/devkitPro/libogc/lib/wii\libbte.a(l2cap.o)
                0x80010c08                l2cap_close
 .text.l2cap_reset_all
                0x80010ddc      0x154 C:/devkitPro/libogc/lib/wii\libbte.a(l2cap.o)
                0x80010ddc                l2cap_reset_all
 .text.l2cap_signal
                0x80010f30      0x204 C:/devkitPro/libogc/lib/wii\libbte.a(l2cap.o)
                0x80010f30                l2cap_signal
 .text.l2ca_config_req
                0x80011134      0x158 C:/devkitPro/libogc/lib/wii\libbte.a(l2cap.o)
                0x80011134                l2ca_config_req
 .text.l2ca_disconnect_req
                0x8001128c       0xcc C:/devkitPro/libogc/lib/wii\libbte.a(l2cap.o)
                0x8001128c                l2ca_disconnect_req
 .text.l2cap_tmr
                0x80011358      0x260 C:/devkitPro/libogc/lib/wii\libbte.a(l2cap.o)
                0x80011358                l2cap_tmr
 .text.l2cap_process_sig
                0x800115b8     0x1334 C:/devkitPro/libogc/lib/wii\libbte.a(l2cap.o)
                0x800115b8                l2cap_process_sig
 .text.l2cap_input
                0x800128ec      0x578 C:/devkitPro/libogc/lib/wii\libbte.a(l2cap.o)
                0x800128ec                l2cap_input
 .text.l2ca_datawrite
                0x80012e64      0x128 C:/devkitPro/libogc/lib/wii\libbte.a(l2cap.o)
                0x80012e64                l2ca_datawrite
 .text.lp_connect_cfm
                0x80012f8c      0x184 C:/devkitPro/libogc/lib/wii\libbte.a(l2cap.o)
                0x80012f8c                lp_connect_cfm
 .text.lp_connect_ind
                0x80013110        0x4 C:/devkitPro/libogc/lib/wii\libbte.a(l2cap.o)
                0x80013110                lp_connect_ind
 .text.lp_disconnect_ind
                0x80013114      0x124 C:/devkitPro/libogc/lib/wii\libbte.a(l2cap.o)
                0x80013114                lp_disconnect_ind
 .text.l2cap_disconnect_bb
                0x80013238       0x10 C:/devkitPro/libogc/lib/wii\libbte.a(l2cap.o)
                0x80013238                l2cap_disconnect_bb
 .text.l2cap_arg
                0x80013248        0x8 C:/devkitPro/libogc/lib/wii\libbte.a(l2cap.o)
                0x80013248                l2cap_arg
 .text.l2cap_connect_ind
                0x80013250      0x104 C:/devkitPro/libogc/lib/wii\libbte.a(l2cap.o)
                0x80013250                l2cap_connect_ind
 .text.l2cap_disconnect_ind
                0x80013354        0x8 C:/devkitPro/libogc/lib/wii\libbte.a(l2cap.o)
                0x80013354                l2cap_disconnect_ind
 .text.l2cap_recv
                0x8001335c        0x8 C:/devkitPro/libogc/lib/wii\libbte.a(l2cap.o)
                0x8001335c                l2cap_recv
 .text.btmemb_init
                0x80013364       0x24 C:/devkitPro/libogc/lib/wii\libbte.a(btmemb.o)
                0x80013364                btmemb_init
 .text.btmemb_alloc
                0x80013388       0x98 C:/devkitPro/libogc/lib/wii\libbte.a(btmemb.o)
                0x80013388                btmemb_alloc
 .text.btmemb_free
                0x80013420      0x114 C:/devkitPro/libogc/lib/wii\libbte.a(btmemb.o)
                0x80013420                btmemb_free
 .text.plug_holes
                0x80013534       0xac C:/devkitPro/libogc/lib/wii\libbte.a(btmemr.o)
 .text.btmemr_init
                0x800135e0       0xa4 C:/devkitPro/libogc/lib/wii\libbte.a(btmemr.o)
                0x800135e0                btmemr_init
 .text.btmemr_malloc
                0x80013684      0x17c C:/devkitPro/libogc/lib/wii\libbte.a(btmemr.o)
                0x80013684                btmemr_malloc
 .text.btmemr_free
                0x80013800       0x98 C:/devkitPro/libogc/lib/wii\libbte.a(btmemr.o)
                0x80013800                btmemr_free
 .text.btmemr_realloc
                0x80013898      0x108 C:/devkitPro/libogc/lib/wii\libbte.a(btmemr.o)
                0x80013898                btmemr_realloc
 .text.btpbuf_init
                0x800139a0       0x28 C:/devkitPro/libogc/lib/wii\libbte.a(btpbuf.o)
                0x800139a0                btpbuf_init
 .text.btpbuf_free
                0x800139c8      0x11c C:/devkitPro/libogc/lib/wii\libbte.a(btpbuf.o)
                0x800139c8                btpbuf_free
 .text.btpbuf_alloc
                0x80013ae4      0x250 C:/devkitPro/libogc/lib/wii\libbte.a(btpbuf.o)
                0x80013ae4                btpbuf_alloc
 .text.btpbuf_realloc
                0x80013d34      0x110 C:/devkitPro/libogc/lib/wii\libbte.a(btpbuf.o)
                0x80013d34                btpbuf_realloc
 .text.btpbuf_header
                0x80013e44       0x84 C:/devkitPro/libogc/lib/wii\libbte.a(btpbuf.o)
                0x80013e44                btpbuf_header
 .text.btpbuf_ref
                0x80013ec8       0x48 C:/devkitPro/libogc/lib/wii\libbte.a(btpbuf.o)
                0x80013ec8                btpbuf_ref
 .text.btpbuf_chain
                0x80013f10       0x9c C:/devkitPro/libogc/lib/wii\libbte.a(btpbuf.o)
                0x80013f10                btpbuf_chain
 .text.btpbuf_dechain
                0x80013fac       0x7c C:/devkitPro/libogc/lib/wii\libbte.a(btpbuf.o)
                0x80013fac                btpbuf_dechain
 .text.btpbuf_take
                0x80014028      0x13c C:/devkitPro/libogc/lib/wii\libbte.a(btpbuf.o)
                0x80014028                btpbuf_take
 .text.__usb_closeCB
                0x80014164       0x10 C:/devkitPro/libogc/lib/wii\libbte.a(physbusif.o)
 .text.__writebulkmsgCB
                0x80014174       0x3c C:/devkitPro/libogc/lib/wii\libbte.a(physbusif.o)
 .text.__writectrlmsgCB
                0x800141b0       0x3c C:/devkitPro/libogc/lib/wii\libbte.a(physbusif.o)
 .text.__issue_intrread.part.0
                0x800141ec       0x80 C:/devkitPro/libogc/lib/wii\libbte.a(physbusif.o)
 .text.__readintrdataCB
                0x8001426c      0x148 C:/devkitPro/libogc/lib/wii\libbte.a(physbusif.o)
 .text.__issue_bulkread.part.0
                0x800143b4       0x80 C:/devkitPro/libogc/lib/wii\libbte.a(physbusif.o)
 .text.__readbulkdataCB
                0x80014434      0x148 C:/devkitPro/libogc/lib/wii\libbte.a(physbusif.o)
 .text.physbusif_init
                0x8001457c      0x1ec C:/devkitPro/libogc/lib/wii\libbte.a(physbusif.o)
                0x8001457c                physbusif_init
 .text.physbusif_close
                0x80014768       0x20 C:/devkitPro/libogc/lib/wii\libbte.a(physbusif.o)
                0x80014768                physbusif_close
 .text.physbusif_shutdown
                0x80014788       0x24 C:/devkitPro/libogc/lib/wii\libbte.a(physbusif.o)
                0x80014788                physbusif_shutdown
 .text.physbusif_reset_all
                0x800147ac        0x4 C:/devkitPro/libogc/lib/wii\libbte.a(physbusif.o)
                0x800147ac                physbusif_reset_all
 .text.physbusif_output
                0x800147b0      0x1c4 C:/devkitPro/libogc/lib/wii\libbte.a(physbusif.o)
                0x800147b0                physbusif_output
 .text.__console_clear_line
                0x80014974       0xb4 C:/devkitPro/libogc/lib/wii\libogc.a(console.o)
 .text.__console_clear
                0x80014a28       0xbc C:/devkitPro/libogc/lib/wii\libogc.a(console.o)
 .text.__console_write
                0x80014ae4      0x820 C:/devkitPro/libogc/lib/wii\libogc.a(console.o)
                0x80014ae4                __console_write
 .text.__console_init
                0x80015304      0x120 C:/devkitPro/libogc/lib/wii\libogc.a(console.o)
                0x80015304                __console_init
 .text.CON_Init
                0x80015424        0x4 C:/devkitPro/libogc/lib/wii\libogc.a(console.o)
                0x80015424                CON_Init
 .text.CON_EnableGecko
                0x80015428      0x100 C:/devkitPro/libogc/lib/wii\libogc.a(console.o)
                0x80015428                CON_EnableGecko
 .text.__lwp_queue_initialize
                0x80015528       0x98 C:/devkitPro/libogc/lib/wii\libogc.a(lwp_queue.o)
                0x80015528                __lwp_queue_initialize
 .text.__lwp_queue_get
                0x800155c0       0x74 C:/devkitPro/libogc/lib/wii\libogc.a(lwp_queue.o)
                0x800155c0                __lwp_queue_get
 .text.__lwp_queue_append
                0x80015634       0x4c C:/devkitPro/libogc/lib/wii\libogc.a(lwp_queue.o)
                0x80015634                __lwp_queue_append
 .text.__syscall_getreent
                0x80015680       0x24 C:/devkitPro/libogc/lib/wii\libogc.a(lwp_threads.o)
                0x80015680                __syscall_getreent
 .text.__lwp_isr_in_progress
                0x800156a4        0x8 C:/devkitPro/libogc/lib/wii\libogc.a(lwp_threads.o)
                0x800156a4                __lwp_isr_in_progress
 .text.__thread_dispatch_fp
                0x800156ac       0x88 C:/devkitPro/libogc/lib/wii\libogc.a(lwp_threads.o)
                0x800156ac                __thread_dispatch_fp
 .text.__thread_dispatch
                0x80015734       0xf4 C:/devkitPro/libogc/lib/wii\libogc.a(lwp_threads.o)
                0x80015734                __thread_dispatch
 .text.__lwp_thread_resettimeslice
                0x80015828       0xb4 C:/devkitPro/libogc/lib/wii\libogc.a(lwp_threads.o)
                0x80015828                __lwp_thread_resettimeslice
 .text.__lwp_thread_tickle_timeslice
                0x800158dc       0xc8 C:/devkitPro/libogc/lib/wii\libogc.a(lwp_threads.o)
                0x800158dc                __lwp_thread_tickle_timeslice
 .text.__lwp_thread_setstate
                0x800159a4      0x16c C:/devkitPro/libogc/lib/wii\libogc.a(lwp_threads.o)
                0x800159a4                __lwp_thread_setstate
 .text.__lwp_thread_clearstate
                0x80015b10       0xe4 C:/devkitPro/libogc/lib/wii\libogc.a(lwp_threads.o)
                0x80015b10                __lwp_thread_clearstate
 .text.__lwp_thread_delayended
                0x80015bf4       0x48 C:/devkitPro/libogc/lib/wii\libogc.a(lwp_threads.o)
                0x80015bf4                __lwp_thread_delayended
 .text.__lwp_thread_settransient
                0x80015c3c       0xb4 C:/devkitPro/libogc/lib/wii\libogc.a(lwp_threads.o)
                0x80015c3c                __lwp_thread_settransient
 .text.__lwp_thread_changepriority
                0x80015cf0      0x1f8 C:/devkitPro/libogc/lib/wii\libogc.a(lwp_threads.o)
                0x80015cf0                __lwp_thread_changepriority
 .text.__lwp_thread_ready
                0x80015ee8       0xf0 C:/devkitPro/libogc/lib/wii\libogc.a(lwp_threads.o)
                0x80015ee8                __lwp_thread_ready
 .text.__lwp_thread_init
                0x80015fd8      0x160 C:/devkitPro/libogc/lib/wii\libogc.a(lwp_threads.o)
                0x80015fd8                __lwp_thread_init
 .text.__lwp_thread_close
                0x80016138      0x144 C:/devkitPro/libogc/lib/wii\libogc.a(lwp_threads.o)
                0x80016138                __lwp_thread_close
 .text.__lwp_thread_handler
                0x8001627c       0xc0 C:/devkitPro/libogc/lib/wii\libogc.a(lwp_threads.o)
 .text.__lwp_thread_closeall
                0x8001633c       0xb0 C:/devkitPro/libogc/lib/wii\libogc.a(lwp_threads.o)
                0x8001633c                __lwp_thread_closeall
 .text.__lwp_thread_start
                0x800163ec      0x150 C:/devkitPro/libogc/lib/wii\libogc.a(lwp_threads.o)
                0x800163ec                __lwp_thread_start
 .text.__lwp_thread_startmultitasking
                0x8001653c       0xac C:/devkitPro/libogc/lib/wii\libogc.a(lwp_threads.o)
                0x8001653c                __lwp_thread_startmultitasking
 .text.__lwp_thread_stopmultitasking
                0x800165e8       0x58 C:/devkitPro/libogc/lib/wii\libogc.a(lwp_threads.o)
                0x800165e8                __lwp_thread_stopmultitasking
 .text.__lwp_thread_coreinit
                0x80016640       0xc4 C:/devkitPro/libogc/lib/wii\libogc.a(lwp_threads.o)
                0x80016640                __lwp_thread_coreinit
 .text.idle_func
                0x80016704        0x4 C:/devkitPro/libogc/lib/wii\libogc.a(lwp.o)
 .text.__lwp_sysinit
                0x80016708      0x114 C:/devkitPro/libogc/lib/wii\libogc.a(lwp.o)
                0x80016708                __lwp_sysinit
 .text.LWP_InitQueue
                0x8001681c      0x140 C:/devkitPro/libogc/lib/wii\libogc.a(lwp.o)
                0x8001681c                LWP_InitQueue
 .text.LWP_CloseQueue
                0x8001695c       0xd4 C:/devkitPro/libogc/lib/wii\libogc.a(lwp.o)
                0x8001695c                LWP_CloseQueue
 .text.LWP_ThreadSleep
                0x80016a30       0xf8 C:/devkitPro/libogc/lib/wii\libogc.a(lwp.o)
                0x80016a30                LWP_ThreadSleep
 .text.LWP_ThreadBroadcast
                0x80016b28       0x88 C:/devkitPro/libogc/lib/wii\libogc.a(lwp.o)
                0x80016b28                LWP_ThreadBroadcast
 .text.LWP_ThreadSignal
                0x80016bb0       0x74 C:/devkitPro/libogc/lib/wii\libogc.a(lwp.o)
                0x80016bb0                LWP_ThreadSignal
 .text.__lwp_stack_allocate
                0x80016c24       0x60 C:/devkitPro/libogc/lib/wii\libogc.a(lwp_stack.o)
                0x80016c24                __lwp_stack_allocate
 .text.__lwp_stack_free
                0x80016c84       0x1c C:/devkitPro/libogc/lib/wii\libogc.a(lwp_stack.o)
                0x80016c84                __lwp_stack_free
 .text.__lwp_wd_settimer
                0x80016ca0       0xe0 C:/devkitPro/libogc/lib/wii\libogc.a(lwp_watchdog.o)
 .text.__lwp_watchdog_init
                0x80016d80       0x2c C:/devkitPro/libogc/lib/wii\libogc.a(lwp_watchdog.o)
                0x80016d80                __lwp_watchdog_init
 .text.__lwp_wd_insert
                0x80016dac      0x194 C:/devkitPro/libogc/lib/wii\libogc.a(lwp_watchdog.o)
                0x80016dac                __lwp_wd_insert
 .text.__lwp_wd_remove
                0x80016f40      0x138 C:/devkitPro/libogc/lib/wii\libogc.a(lwp_watchdog.o)
                0x80016f40                __lwp_wd_remove
 .text.__lwp_wd_tickle
                0x80017078      0x120 C:/devkitPro/libogc/lib/wii\libogc.a(lwp_watchdog.o)
                0x80017078                __lwp_wd_tickle
 .text.__lwp_wkspace_init
                0x80017198       0xc0 C:/devkitPro/libogc/lib/wii\libogc.a(lwp_wkspace.o)
                0x80017198                __lwp_wkspace_init
 .text.__lwp_objmgr_initinfo
                0x80017258      0x1a0 C:/devkitPro/libogc/lib/wii\libogc.a(lwp_objmgr.o)
                0x80017258                __lwp_objmgr_initinfo
 .text.__lwp_objmgr_getisrdisable
                0x800173f8       0x60 C:/devkitPro/libogc/lib/wii\libogc.a(lwp_objmgr.o)
                0x800173f8                __lwp_objmgr_getisrdisable
 .text.__lwp_objmgr_getnoprotection
                0x80017458       0x24 C:/devkitPro/libogc/lib/wii\libogc.a(lwp_objmgr.o)
                0x80017458                __lwp_objmgr_getnoprotection
 .text.__lwp_objmgr_get
                0x8001747c       0x6c C:/devkitPro/libogc/lib/wii\libogc.a(lwp_objmgr.o)
                0x8001747c                __lwp_objmgr_get
 .text.__lwp_objmgr_allocate
                0x800174e8       0x88 C:/devkitPro/libogc/lib/wii\libogc.a(lwp_objmgr.o)
                0x800174e8                __lwp_objmgr_allocate
 .text.__lwp_objmgr_free
                0x80017570       0x60 C:/devkitPro/libogc/lib/wii\libogc.a(lwp_objmgr.o)
                0x80017570                __lwp_objmgr_free
 .text.__lwp_heap_init
                0x800175d0       0xa4 C:/devkitPro/libogc/lib/wii\libogc.a(lwp_heap.o)
                0x800175d0                __lwp_heap_init
 .text.__lwp_heap_allocate
                0x80017674      0x160 C:/devkitPro/libogc/lib/wii\libogc.a(lwp_heap.o)
                0x80017674                __lwp_heap_allocate
 .text.__lwp_heap_free
                0x800177d4      0x188 C:/devkitPro/libogc/lib/wii\libogc.a(lwp_heap.o)
                0x800177d4                __lwp_heap_free
 .text.__SetInterrupts
                0x8001795c      0x268 C:/devkitPro/libogc/lib/wii\libogc.a(irq.o)
 .text.c_irqdispatcher
                0x80017bc4      0x278 C:/devkitPro/libogc/lib/wii\libogc.a(irq.o)
                0x80017bc4                c_irqdispatcher
 .text.__UnmaskIrq
                0x80017e3c       0x84 C:/devkitPro/libogc/lib/wii\libogc.a(irq.o)
                0x80017e3c                __UnmaskIrq
 .text.__MaskIrq
                0x80017ec0       0x84 C:/devkitPro/libogc/lib/wii\libogc.a(irq.o)
                0x80017ec0                __MaskIrq
 .text.__irq_init
                0x80017f44       0x9c C:/devkitPro/libogc/lib/wii\libogc.a(irq.o)
                0x80017f44                __irq_init
 .text.IRQ_Request
                0x80017fe0       0x50 C:/devkitPro/libogc/lib/wii\libogc.a(irq.o)
                0x80017fe0                IRQ_Request
 .text.IRQ_GetHandler
                0x80018030       0x44 C:/devkitPro/libogc/lib/wii\libogc.a(irq.o)
                0x80018030                IRQ_GetHandler
 .text.IRQ_Disable
                0x80018074       0x1c C:/devkitPro/libogc/lib/wii\libogc.a(irq.o)
                0x80018074                IRQ_Disable
 .text.IRQ_Restore
                0x80018090       0x1c C:/devkitPro/libogc/lib/wii\libogc.a(irq.o)
                0x80018090                IRQ_Restore
 .text.__VISendI2CData.constprop.0.isra.0
                0x800180ac      0x450 C:/devkitPro/libogc/lib/wii\libogc.a(video.o)
 .text.__setFbbRegs.constprop.0
                0x800184fc      0x190 C:/devkitPro/libogc/lib/wii\libogc.a(video.o)
 .text.__VISetYUVSEL
                0x8001868c       0xb8 C:/devkitPro/libogc/lib/wii\libogc.a(video.o)
 .text.VIDEO_Configure
                0x80018744      0x5ec C:/devkitPro/libogc/lib/wii\libogc.a(video.o)
                0x80018744                VIDEO_Configure
 .text.VIDEO_WaitVSync
                0x80018d30       0x74 C:/devkitPro/libogc/lib/wii\libogc.a(video.o)
                0x80018d30                VIDEO_WaitVSync
 .text.VIDEO_SetFramebuffer
                0x80018da4      0x108 C:/devkitPro/libogc/lib/wii\libogc.a(video.o)
                0x80018da4                VIDEO_SetFramebuffer
 .text.VIDEO_SetNextFramebuffer
                0x80018eac       0x70 C:/devkitPro/libogc/lib/wii\libogc.a(video.o)
                0x80018eac                VIDEO_SetNextFramebuffer
 .text.VIDEO_Flush
                0x80018f1c       0xf4 C:/devkitPro/libogc/lib/wii\libogc.a(video.o)
                0x80018f1c                VIDEO_Flush
 .text.VIDEO_SetBlack
                0x80019010      0x15c C:/devkitPro/libogc/lib/wii\libogc.a(video.o)
                0x80019010                VIDEO_SetBlack
 .text.VIDEO_GetCurrentTvMode
                0x8001916c       0x78 C:/devkitPro/libogc/lib/wii\libogc.a(video.o)
                0x8001916c                VIDEO_GetCurrentTvMode
 .text.__VIRetraceHandler
                0x800191e4      0x298 C:/devkitPro/libogc/lib/wii\libogc.a(video.o)
 .text.__VISetupEncoder
                0x8001947c      0x2cc C:/devkitPro/libogc/lib/wii\libogc.a(video.o)
 .text.VIDEO_Init
                0x80019748      0x4e4 C:/devkitPro/libogc/lib/wii\libogc.a(video.o)
                0x80019748                VIDEO_Init
 .text.VIDEO_GetPreferredMode
                0x80019c2c      0x108 C:/devkitPro/libogc/lib/wii\libogc.a(video.o)
                0x80019c2c                VIDEO_GetPreferredMode
 .text.VIDEO_GetCurrentLine
                0x80019d34       0x9c C:/devkitPro/libogc/lib/wii\libogc.a(video.o)
                0x80019d34                VIDEO_GetCurrentLine
 .text.VIDEO_GetFrameBufferSize
                0x80019dd0       0x34 C:/devkitPro/libogc/lib/wii\libogc.a(video.o)
                0x80019dd0                VIDEO_GetFrameBufferSize
 .text.__call_resetfuncs
                0x80019e04       0xbc C:/devkitPro/libogc/lib/wii\libogc.a(system.o)
 .text.__MEMInterruptHandler
                0x80019ec0       0x14 C:/devkitPro/libogc/lib/wii\libogc.a(system.o)
 .text.__RSWDefaultHandler
                0x80019ed4        0x4 C:/devkitPro/libogc/lib/wii\libogc.a(system.o)
 .text.__POWDefaultHandler
                0x80019ed8        0x4 C:/devkitPro/libogc/lib/wii\libogc.a(system.o)
 .text.__STMEventHandler
                0x80019edc      0x104 C:/devkitPro/libogc/lib/wii\libogc.a(system.o)
 .text.__getrtc
                0x80019fe0      0x13c C:/devkitPro/libogc/lib/wii\libogc.a(system.o)
 .text.__sram_write
                0x8001a11c      0x130 C:/devkitPro/libogc/lib/wii\libogc.a(system.o)
 .text.__sram_writecallback
                0x8001a24c       0x54 C:/devkitPro/libogc/lib/wii\libogc.a(system.o)
 .text.__mem_onreset
                0x8001a2a0       0x48 C:/devkitPro/libogc/lib/wii\libogc.a(system.o)
 .text.__unlocksram
                0x8001a2e8      0x174 C:/devkitPro/libogc/lib/wii\libogc.a(system.o)
 .text.__sys_alarmhandler
                0x8001a45c      0x154 C:/devkitPro/libogc/lib/wii\libogc.a(system.o)
 .text.__syscall_malloc_lock
                0x8001a5b0        0x4 C:/devkitPro/libogc/lib/wii\libogc.a(system.o)
                0x8001a5b0                __syscall_malloc_lock
 .text.__syscall_malloc_unlock
                0x8001a5b4        0x4 C:/devkitPro/libogc/lib/wii\libogc.a(system.o)
                0x8001a5b4                __syscall_malloc_unlock
 .text.__syscall_nanosleep
                0x8001a5b8        0x4 C:/devkitPro/libogc/lib/wii\libogc.a(system.o)
                0x8001a5b8                __syscall_nanosleep
 .text.__SYS_GetRTC
                0x8001a5bc       0xa0 C:/devkitPro/libogc/lib/wii\libogc.a(system.o)
                0x8001a5bc                __SYS_GetRTC
 .text.__SYS_SetBootTime
                0x8001a65c      0x108 C:/devkitPro/libogc/lib/wii\libogc.a(system.o)
                0x8001a65c                __SYS_SetBootTime
 .text.__SYS_GetIPCBufferLo
                0x8001a764        0x8 C:/devkitPro/libogc/lib/wii\libogc.a(system.o)
                0x8001a764                __SYS_GetIPCBufferLo
 .text.__SYS_GetIPCBufferHi
                0x8001a76c        0x8 C:/devkitPro/libogc/lib/wii\libogc.a(system.o)
                0x8001a76c                __SYS_GetIPCBufferHi
 .text.__SYS_DoPowerCB
                0x8001a774       0x74 C:/devkitPro/libogc/lib/wii\libogc.a(system.o)
                0x8001a774                __SYS_DoPowerCB
 .text.__SYS_PreInit
                0x8001a7e8        0x4 C:/devkitPro/libogc/lib/wii\libogc.a(system.o)
                0x8001a7e8                __SYS_PreInit
 .text.SYS_PreMain
                0x8001a7ec       0x7c C:/devkitPro/libogc/lib/wii\libogc.a(system.o)
                0x8001a7ec                SYS_PreMain
 .text.SYS_ResetButtonDown
                0x8001a868       0x18 C:/devkitPro/libogc/lib/wii\libogc.a(system.o)
                0x8001a868                SYS_ResetButtonDown
 .text.SYS_ResetSystem
                0x8001a880      0x210 C:/devkitPro/libogc/lib/wii\libogc.a(system.o)
                0x8001a880                SYS_ResetSystem
 .text.__reload
                0x8001aa90       0x80 C:/devkitPro/libogc/lib/wii\libogc.a(system.o)
                0x8001aa90                __reload
 .text.__syscall_exit
                0x8001ab10       0x88 C:/devkitPro/libogc/lib/wii\libogc.a(system.o)
                0x8001ab10                __syscall_exit
 .text.SYS_RegisterResetFunc
                0x8001ab98       0x78 C:/devkitPro/libogc/lib/wii\libogc.a(system.o)
                0x8001ab98                SYS_RegisterResetFunc
 .text.SYS_SetArena1Lo
                0x8001ac10       0x38 C:/devkitPro/libogc/lib/wii\libogc.a(system.o)
                0x8001ac10                SYS_SetArena1Lo
 .text.SYS_GetArena1Lo
                0x8001ac48       0x38 C:/devkitPro/libogc/lib/wii\libogc.a(system.o)
                0x8001ac48                SYS_GetArena1Lo
 .text.SYS_GetArena1Hi
                0x8001ac80       0x38 C:/devkitPro/libogc/lib/wii\libogc.a(system.o)
                0x8001ac80                SYS_GetArena1Hi
 .text.SYS_SetArena2Lo
                0x8001acb8       0x38 C:/devkitPro/libogc/lib/wii\libogc.a(system.o)
                0x8001acb8                SYS_SetArena2Lo
 .text.SYS_GetArena2Lo
                0x8001acf0       0x38 C:/devkitPro/libogc/lib/wii\libogc.a(system.o)
                0x8001acf0                SYS_GetArena2Lo
 .text.SYS_SetArena2Hi
                0x8001ad28       0x38 C:/devkitPro/libogc/lib/wii\libogc.a(system.o)
                0x8001ad28                SYS_SetArena2Hi
 .text.SYS_GetArena2Hi
                0x8001ad60       0x38 C:/devkitPro/libogc/lib/wii\libogc.a(system.o)
                0x8001ad60                SYS_GetArena2Hi
 .text.SYS_AllocateFramebuffer
                0x8001ad98       0x28 C:/devkitPro/libogc/lib/wii\libogc.a(system.o)
                0x8001ad98                SYS_AllocateFramebuffer
 .text.SYS_CreateAlarm
                0x8001adc0       0xf0 C:/devkitPro/libogc/lib/wii\libogc.a(system.o)
                0x8001adc0                SYS_CreateAlarm
 .text.SYS_SetAlarm
                0x8001aeb0      0x1e0 C:/devkitPro/libogc/lib/wii\libogc.a(system.o)
                0x8001aeb0                SYS_SetAlarm
 .text.SYS_SetPeriodicAlarm
                0x8001b090      0x270 C:/devkitPro/libogc/lib/wii\libogc.a(system.o)
                0x8001b090                SYS_SetPeriodicAlarm
 .text.SYS_RemoveAlarm
                0x8001b300      0x10c C:/devkitPro/libogc/lib/wii\libogc.a(system.o)
                0x8001b300                SYS_RemoveAlarm
 .text.SYS_CancelAlarm
                0x8001b40c       0xbc C:/devkitPro/libogc/lib/wii\libogc.a(system.o)
                0x8001b40c                SYS_CancelAlarm
 .text.SYS_GetWirelessID
                0x8001b4c8       0x94 C:/devkitPro/libogc/lib/wii\libogc.a(system.o)
                0x8001b4c8                SYS_GetWirelessID
 .text.SYS_SetWirelessID
                0x8001b55c       0x90 C:/devkitPro/libogc/lib/wii\libogc.a(system.o)
                0x8001b55c                SYS_SetWirelessID
 .text.SYS_SetGBSMode
                0x8001b5ec       0xa8 C:/devkitPro/libogc/lib/wii\libogc.a(system.o)
                0x8001b5ec                SYS_SetGBSMode
 .text.__sram_init
                0x8001b694      0x1b8 C:/devkitPro/libogc/lib/wii\libogc.a(system.o)
                0x8001b694                __sram_init
 .text.SYS_Init
                0x8001b84c      0x5e8 C:/devkitPro/libogc/lib/wii\libogc.a(system.o)
                0x8001b84c                SYS_Init
 .text.SYS_GetHollywoodRevision
                0x8001be34       0x3c C:/devkitPro/libogc/lib/wii\libogc.a(system.o)
                0x8001be34                SYS_GetHollywoodRevision
 .text.SYS_Time
                0x8001be70       0x78 C:/devkitPro/libogc/lib/wii\libogc.a(system.o)
                0x8001be70                SYS_Time
 .text.__lwp_cond_init
                0x8001bee8       0x14 C:/devkitPro/libogc/lib/wii\libogc.a(cond.o)
                0x8001bee8                __lwp_cond_init
 .text.__decrementer_init
                0x8001befc        0x4 C:/devkitPro/libogc/lib/wii\libogc.a(decrementer.o)
                0x8001befc                __decrementer_init
 .text.c_decrementer_handler
                0x8001bf00        0xc C:/devkitPro/libogc/lib/wii\libogc.a(decrementer.o)
                0x8001bf00                c_decrementer_handler
 .text.__lwp_mqbox_init
                0x8001bf0c       0x14 C:/devkitPro/libogc/lib/wii\libogc.a(message.o)
                0x8001bf0c                __lwp_mqbox_init
 .text.__si_transfer
                0x8001bf20      0x1a4 C:/devkitPro/libogc/lib/wii\libogc.a(si.o)
 .text.__si_alarmhandler
                0x8001c0c4       0xdc C:/devkitPro/libogc/lib/wii\libogc.a(si.o)
 .text.__si_completetransfer
                0x8001c1a0      0x1fc C:/devkitPro/libogc/lib/wii\libogc.a(si.o)
 .text.__si_transfernext
                0x8001c39c       0xe0 C:/devkitPro/libogc/lib/wii\libogc.a(si.o)
 .text.SI_Busy  0x8001c47c       0x18 C:/devkitPro/libogc/lib/wii\libogc.a(si.o)
                0x8001c47c                SI_Busy
 .text.SI_IsChanBusy
                0x8001c494       0x38 C:/devkitPro/libogc/lib/wii\libogc.a(si.o)
                0x8001c494                SI_IsChanBusy
 .text.SI_SetXY
                0x8001c4cc       0x64 C:/devkitPro/libogc/lib/wii\libogc.a(si.o)
                0x8001c4cc                SI_SetXY
 .text.SI_EnablePolling
                0x8001c530       0x80 C:/devkitPro/libogc/lib/wii\libogc.a(si.o)
                0x8001c530                SI_EnablePolling
 .text.SI_DisablePolling
                0x8001c5b0       0x58 C:/devkitPro/libogc/lib/wii\libogc.a(si.o)
                0x8001c5b0                SI_DisablePolling
 .text.SI_SetSamplingRate
                0x8001c608       0xd8 C:/devkitPro/libogc/lib/wii\libogc.a(si.o)
                0x8001c608                SI_SetSamplingRate
 .text.SI_RefreshSamplingRate
                0x8001c6e0        0x8 C:/devkitPro/libogc/lib/wii\libogc.a(si.o)
                0x8001c6e0                SI_RefreshSamplingRate
 .text.SI_GetStatus
                0x8001c6e8       0x78 C:/devkitPro/libogc/lib/wii\libogc.a(si.o)
                0x8001c6e8                SI_GetStatus
 .text.SI_GetResponseRaw
                0x8001c760       0xe8 C:/devkitPro/libogc/lib/wii\libogc.a(si.o)
                0x8001c760                SI_GetResponseRaw
 .text.SI_GetResponse
                0x8001c848       0xb8 C:/devkitPro/libogc/lib/wii\libogc.a(si.o)
                0x8001c848                SI_GetResponse
 .text.SI_SetCommand
                0x8001c900       0x10 C:/devkitPro/libogc/lib/wii\libogc.a(si.o)
                0x8001c900                SI_SetCommand
 .text.SI_Transfer
                0x8001c910      0x26c C:/devkitPro/libogc/lib/wii\libogc.a(si.o)
                0x8001c910                SI_Transfer
 .text.__si_gettypecallback
                0x8001cb7c      0x2c0 C:/devkitPro/libogc/lib/wii\libogc.a(si.o)
 .text.__si_interrupthandler
                0x8001ce3c      0x268 C:/devkitPro/libogc/lib/wii\libogc.a(si.o)
 .text.SI_GetType
                0x8001d0a4      0x1f4 C:/devkitPro/libogc/lib/wii\libogc.a(si.o)
                0x8001d0a4                SI_GetType
 .text.SI_GetTypeAsync
                0x8001d298      0x138 C:/devkitPro/libogc/lib/wii\libogc.a(si.o)
                0x8001d298                SI_GetTypeAsync
 .text.SI_EnablePollingInterrupt
                0x8001d3d0       0x8c C:/devkitPro/libogc/lib/wii\libogc.a(si.o)
                0x8001d3d0                SI_EnablePollingInterrupt
 .text.SI_UnregisterPollingHandler
                0x8001d45c       0xe0 C:/devkitPro/libogc/lib/wii\libogc.a(si.o)
                0x8001d45c                SI_UnregisterPollingHandler
 .text.__si_init
                0x8001d53c       0xe8 C:/devkitPro/libogc/lib/wii\libogc.a(si.o)
                0x8001d53c                __si_init
 .text.__ipc_sendrequest
                0x8001d624      0x104 C:/devkitPro/libogc/lib/wii\libogc.a(ipc.o)
 .text.__ipc_syncrequest
                0x8001d728       0xe4 C:/devkitPro/libogc/lib/wii\libogc.a(ipc.o)
 .text.__ioctlvfmtCB
                0x8001d80c      0x158 C:/devkitPro/libogc/lib/wii\libogc.a(ipc.o)
 .text.__ios_ioctlvformat_parse
                0x8001d964      0x820 C:/devkitPro/libogc/lib/wii\libogc.a(ipc.o)
 .text.__ipc_asyncrequest
                0x8001e184      0x13c C:/devkitPro/libogc/lib/wii\libogc.a(ipc.o)
 .text.__ipc_interrupthandler
                0x8001e2c0      0x34c C:/devkitPro/libogc/lib/wii\libogc.a(ipc.o)
 .text.iosCreateHeap
                0x8001e60c      0x130 C:/devkitPro/libogc/lib/wii\libogc.a(ipc.o)
                0x8001e60c                iosCreateHeap
 .text.iosAlloc
                0x8001e73c       0x30 C:/devkitPro/libogc/lib/wii\libogc.a(ipc.o)
                0x8001e73c                iosAlloc
 .text.iosFree  0x8001e76c       0x28 C:/devkitPro/libogc/lib/wii\libogc.a(ipc.o)
                0x8001e76c                iosFree
 .text.__IPC_ClntInit
                0x8001e794       0xc8 C:/devkitPro/libogc/lib/wii\libogc.a(ipc.o)
                0x8001e794                __IPC_ClntInit
 .text.IOS_Open
                0x8001e85c      0x110 C:/devkitPro/libogc/lib/wii\libogc.a(ipc.o)
                0x8001e85c                IOS_Open
 .text.IOS_Close
                0x8001e96c       0xf0 C:/devkitPro/libogc/lib/wii\libogc.a(ipc.o)
                0x8001e96c                IOS_Close
 .text.IOS_CloseAsync
                0x8001ea5c       0xb4 C:/devkitPro/libogc/lib/wii\libogc.a(ipc.o)
                0x8001ea5c                IOS_CloseAsync
 .text.IOS_Read
                0x8001eb10      0x10c C:/devkitPro/libogc/lib/wii\libogc.a(ipc.o)
                0x8001eb10                IOS_Read
 .text.IOS_Write
                0x8001ec1c      0x10c C:/devkitPro/libogc/lib/wii\libogc.a(ipc.o)
                0x8001ec1c                IOS_Write
 .text.IOS_Ioctl
                0x8001ed28      0x158 C:/devkitPro/libogc/lib/wii\libogc.a(ipc.o)
                0x8001ed28                IOS_Ioctl
 .text.IOS_IoctlAsync
                0x8001ee80      0x148 C:/devkitPro/libogc/lib/wii\libogc.a(ipc.o)
                0x8001ee80                IOS_IoctlAsync
 .text.IOS_Ioctlv
                0x8001efc8      0x1f0 C:/devkitPro/libogc/lib/wii\libogc.a(ipc.o)
                0x8001efc8                IOS_Ioctlv
 .text.IOS_IoctlvAsync
                0x8001f1b8      0x1d4 C:/devkitPro/libogc/lib/wii\libogc.a(ipc.o)
                0x8001f1b8                IOS_IoctlvAsync
 .text.IOS_IoctlvFormat
                0x8001f38c      0x16c C:/devkitPro/libogc/lib/wii\libogc.a(ipc.o)
                0x8001f38c                IOS_IoctlvFormat
 .text.IOS_IoctlvReboot
                0x8001f4f8      0x1f4 C:/devkitPro/libogc/lib/wii\libogc.a(ipc.o)
                0x8001f4f8                IOS_IoctlvReboot
 .text.gettick  0x8001f6ec        0x8 C:/devkitPro/libogc/lib/wii\libogc.a(timesupp.o)
                0x8001f6ec                gettick
 .text.gettime  0x8001f6f4       0x18 C:/devkitPro/libogc/lib/wii\libogc.a(timesupp.o)
                0x8001f6f4                gettime
 .text.settime  0x8001f70c       0x14 C:/devkitPro/libogc/lib/wii\libogc.a(timesupp.o)
                0x8001f70c                settime
 .text.diff_usec
                0x8001f720       0x88 C:/devkitPro/libogc/lib/wii\libogc.a(timesupp.o)
                0x8001f720                diff_usec
 .text.__timesystem_init
                0x8001f7a8       0x1c C:/devkitPro/libogc/lib/wii\libogc.a(timesupp.o)
                0x8001f7a8                __timesystem_init
 .text.udelay   0x8001f7c4       0xac C:/devkitPro/libogc/lib/wii\libogc.a(timesupp.o)
                0x8001f7c4                udelay
 .text.__libogc_nanosleep
                0x8001f870      0x144 C:/devkitPro/libogc/lib/wii\libogc.a(timesupp.o)
                0x8001f870                __libogc_nanosleep
 .text.__syscall_lock_init
                0x8001f9b4       0x6c C:/devkitPro/libogc/lib/wii\libogc.a(lock_supp.o)
                0x8001f9b4                __syscall_lock_init
 .text.__syscall_lock_init_recursive
                0x8001fa20       0x6c C:/devkitPro/libogc/lib/wii\libogc.a(lock_supp.o)
                0x8001fa20                __syscall_lock_init_recursive
 .text.__syscall_lock_close
                0x8001fa8c       0x68 C:/devkitPro/libogc/lib/wii\libogc.a(lock_supp.o)
                0x8001fa8c                __syscall_lock_close
 .text.__syscall_lock_acquire
                0x8001faf4       0x18 C:/devkitPro/libogc/lib/wii\libogc.a(lock_supp.o)
                0x8001faf4                __syscall_lock_acquire
 .text.__syscall_lock_release
                0x8001fb0c       0x18 C:/devkitPro/libogc/lib/wii\libogc.a(lock_supp.o)
                0x8001fb0c                __syscall_lock_release
 .text.__usbgecko_exi_unlock
                0x8001fb24       0x34 C:/devkitPro/libogc/lib/wii\libogc.a(usbgecko.o)
 .text.usb_isgeckoalive
                0x8001fb58      0x1bc C:/devkitPro/libogc/lib/wii\libogc.a(usbgecko.o)
                0x8001fb58                usb_isgeckoalive
 .text.usb_sendbuffer_ex
                0x8001fd14      0x214 C:/devkitPro/libogc/lib/wii\libogc.a(usbgecko.o)
                0x8001fd14                usb_sendbuffer_ex
 .text.usb_sendbuffer
                0x8001ff28        0x8 C:/devkitPro/libogc/lib/wii\libogc.a(usbgecko.o)
                0x8001ff28                usb_sendbuffer
 .text.usb_sendbuffer_safe_ex
                0x8001ff30      0x2a8 C:/devkitPro/libogc/lib/wii\libogc.a(usbgecko.o)
                0x8001ff30                usb_sendbuffer_safe_ex
 .text.usb_sendbuffer_safe
                0x800201d8        0x8 C:/devkitPro/libogc/lib/wii\libogc.a(usbgecko.o)
                0x800201d8                usb_sendbuffer_safe
 .text._sbrk_r  0x800201e0      0x28c C:/devkitPro/libogc/lib/wii\libogc.a(sbrk.o)
                0x800201e0                _sbrk_r
 .text.__memlock_init
                0x8002046c       0x7c C:/devkitPro/libogc/lib/wii\libogc.a(malloc_lock.o)
                0x8002046c                __memlock_init
 .text.__libogc_malloc_lock
                0x800204e8      0x1fc C:/devkitPro/libogc/lib/wii\libogc.a(malloc_lock.o)
                0x800204e8                __libogc_malloc_lock
 .text.__libogc_malloc_unlock
                0x800206e4       0x64 C:/devkitPro/libogc/lib/wii\libogc.a(malloc_lock.o)
                0x800206e4                __libogc_malloc_unlock
 .text.__STM_SetEventHook
                0x80020748       0xb0 C:/devkitPro/libogc/lib/wii\libogc.a(stm.o)
                0x80020748                __STM_SetEventHook
 .text.__STM_Init
                0x800207f8       0x8c C:/devkitPro/libogc/lib/wii\libogc.a(stm.o)
                0x800207f8                __STM_Init
 .text.__STMEventHandler
                0x80020884       0x64 C:/devkitPro/libogc/lib/wii\libogc.a(stm.o)
 .text.__STM_ReleaseEventHook
                0x800208e8       0x80 C:/devkitPro/libogc/lib/wii\libogc.a(stm.o)
                0x800208e8                __STM_ReleaseEventHook
 .text.__STM_Close
                0x80020968       0xac C:/devkitPro/libogc/lib/wii\libogc.a(stm.o)
                0x80020968                __STM_Close
 .text.STM_RegisterEventHandler
                0x80020a14       0x10 C:/devkitPro/libogc/lib/wii\libogc.a(stm.o)
                0x80020a14                STM_RegisterEventHandler
 .text.STM_ShutdownToStandby
                0x80020a24       0x50 C:/devkitPro/libogc/lib/wii\libogc.a(stm.o)
                0x80020a24                STM_ShutdownToStandby
 .text.STM_ShutdownToIdle
                0x80020a74       0x70 C:/devkitPro/libogc/lib/wii\libogc.a(stm.o)
                0x80020a74                STM_ShutdownToIdle
 .text.STM_SetLedMode
                0x80020ae4       0x40 C:/devkitPro/libogc/lib/wii\libogc.a(stm.o)
                0x80020ae4                STM_SetLedMode
 .text.STM_RebootSystem
                0x80020b24       0x50 C:/devkitPro/libogc/lib/wii\libogc.a(stm.o)
                0x80020b24                STM_RebootSystem
 .text.__IOS_InitializeSubsystems
                0x80020b74       0x44 C:/devkitPro/libogc/lib/wii\libogc.a(ios.o)
                0x80020b74                __IOS_InitializeSubsystems
 .text.__IOS_ShutdownSubsystems
                0x80020bb8       0x44 C:/devkitPro/libogc/lib/wii\libogc.a(ios.o)
                0x80020bb8                __IOS_ShutdownSubsystems
 .text.__IOS_LoadStartupIOS
                0x80020bfc        0x8 C:/devkitPro/libogc/lib/wii\libogc.a(ios.o)
                0x80020bfc                __IOS_LoadStartupIOS
 .text._ES_fstat_r
                0x80020c04      0x120 C:/devkitPro/libogc/lib/wii\libogc.a(es.o)
 .text._ES_seek_r
                0x80020d24       0xdc C:/devkitPro/libogc/lib/wii\libogc.a(es.o)
 .text._ES_close_r
                0x80020e00       0xac C:/devkitPro/libogc/lib/wii\libogc.a(es.o)
 .text.__ES_Init
                0x80020eac       0x78 C:/devkitPro/libogc/lib/wii\libogc.a(es.o)
                0x80020eac                __ES_Init
 .text.__ES_Close
                0x80020f24       0x54 C:/devkitPro/libogc/lib/wii\libogc.a(es.o)
                0x80020f24                __ES_Close
 .text.ES_GetTitleID
                0x80020f78       0x94 C:/devkitPro/libogc/lib/wii\libogc.a(es.o)
                0x80020f78                ES_GetTitleID
 .text.ES_LaunchTitle
                0x8002100c       0xa4 C:/devkitPro/libogc/lib/wii\libogc.a(es.o)
                0x8002100c                ES_LaunchTitle
 .text.ES_GetNumTicketViews
                0x800210b0       0x98 C:/devkitPro/libogc/lib/wii\libogc.a(es.o)
                0x800210b0                ES_GetNumTicketViews
 .text.ES_GetTicketViews
                0x80021148       0x8c C:/devkitPro/libogc/lib/wii\libogc.a(es.o)
                0x80021148                ES_GetTicketViews
 .text.ES_GetStoredTMD
                0x800211d4       0x90 C:/devkitPro/libogc/lib/wii\libogc.a(es.o)
                0x800211d4                ES_GetStoredTMD
 .text._ES_decodepath
                0x80021264      0x440 C:/devkitPro/libogc/lib/wii\libogc.a(es.o)
 .text._ES_stat_r
                0x800216a4       0xf4 C:/devkitPro/libogc/lib/wii\libogc.a(es.o)
 .text._ES_open_r
                0x80021798      0x1d0 C:/devkitPro/libogc/lib/wii\libogc.a(es.o)
 .text.ES_ReadContent
                0x80021968       0x6c C:/devkitPro/libogc/lib/wii\libogc.a(es.o)
                0x80021968                ES_ReadContent
 .text._ES_read_r
                0x800219d4      0x17c C:/devkitPro/libogc/lib/wii\libogc.a(es.o)
 .text.__usbv5_devicechangeCB
                0x80021b50      0x180 C:/devkitPro/libogc/lib/wii\libogc.a(usb.o)
 .text.__usbv5_attachfinishCB
                0x80021cd0       0xcc C:/devkitPro/libogc/lib/wii\libogc.a(usb.o)
 .text.__usbv5_messageCB
                0x80021d9c       0x5c C:/devkitPro/libogc/lib/wii\libogc.a(usb.o)
 .text.__usbv0_messageCB
                0x80021df8       0xa8 C:/devkitPro/libogc/lib/wii\libogc.a(usb.o)
 .text.__usb_control_message
                0x80021ea0      0x428 C:/devkitPro/libogc/lib/wii\libogc.a(usb.o)
 .text.__usb_interrupt_bulk_message
                0x800222c8      0x2c0 C:/devkitPro/libogc/lib/wii\libogc.a(usb.o)
 .text.USB_FreeDescriptors.part.0
                0x80022588       0xfc C:/devkitPro/libogc/lib/wii\libogc.a(usb.o)
 .text.USB_GetDescriptors.part.0
                0x80022684      0x674 C:/devkitPro/libogc/lib/wii\libogc.a(usb.o)
 .text.USBV5_SuspendResume
                0x80022cf8      0x138 C:/devkitPro/libogc/lib/wii\libogc.a(usb.o)
 .text.USBV5_GetDescriptors
                0x80022e30      0x518 C:/devkitPro/libogc/lib/wii\libogc.a(usb.o)
 .text.USB_Deinitialize
                0x80023348       0xc8 C:/devkitPro/libogc/lib/wii\libogc.a(usb.o)
                0x80023348                USB_Deinitialize
 .text.USB_Initialize
                0x80023410      0x2f8 C:/devkitPro/libogc/lib/wii\libogc.a(usb.o)
                0x80023410                USB_Initialize
 .text.USB_OpenDevice
                0x80023708      0x2b8 C:/devkitPro/libogc/lib/wii\libogc.a(usb.o)
                0x80023708                USB_OpenDevice
 .text.USBV5_CloseDevice
                0x800239c0      0x128 C:/devkitPro/libogc/lib/wii\libogc.a(usb.o)
                0x800239c0                USBV5_CloseDevice
 .text.USB_CloseDeviceAsync
                0x80023ae8       0xd0 C:/devkitPro/libogc/lib/wii\libogc.a(usb.o)
                0x80023ae8                USB_CloseDeviceAsync
 .text.USB_ReadIntrMsgAsync
                0x80023bb8       0x28 C:/devkitPro/libogc/lib/wii\libogc.a(usb.o)
                0x80023bb8                USB_ReadIntrMsgAsync
 .text.USB_ReadBlkMsgAsync
                0x80023be0       0x28 C:/devkitPro/libogc/lib/wii\libogc.a(usb.o)
                0x80023be0                USB_ReadBlkMsgAsync
 .text.USB_WriteBlkMsgAsync
                0x80023c08       0x28 C:/devkitPro/libogc/lib/wii\libogc.a(usb.o)
                0x80023c08                USB_WriteBlkMsgAsync
 .text.USB_WriteCtrlMsgAsync
                0x80023c30        0x4 C:/devkitPro/libogc/lib/wii\libogc.a(usb.o)
                0x80023c30                USB_WriteCtrlMsgAsync
 .text.__CheckARGV
                0x80023c34       0x80 C:/devkitPro/libogc/lib/wii\libogc.a(argv.o)
                0x80023c34                __CheckARGV
 .text.CONF_Init
                0x80023cb4      0x184 C:/devkitPro/libogc/lib/wii\libogc.a(conf.o)
                0x80023cb4                CONF_Init
 .text.__CONF_GetTxt
                0x80023e38      0x208 C:/devkitPro/libogc/lib/wii\libogc.a(conf.o)
                0x80023e38                __CONF_GetTxt
 .text.__CONF_Find
                0x80024040       0xfc C:/devkitPro/libogc/lib/wii\libogc.a(conf.o)
                0x80024040                __CONF_Find
 .text.CONF_GetLength
                0x8002413c      0x12c C:/devkitPro/libogc/lib/wii\libogc.a(conf.o)
                0x8002413c                CONF_GetLength
 .text.CONF_Get
                0x80024268      0x140 C:/devkitPro/libogc/lib/wii\libogc.a(conf.o)
                0x80024268                CONF_Get
 .text.CONF_GetShutdownMode
                0x800243a8       0x54 C:/devkitPro/libogc/lib/wii\libogc.a(conf.o)
                0x800243a8                CONF_GetShutdownMode
 .text.CONF_GetIdleLedMode
                0x800243fc       0x54 C:/devkitPro/libogc/lib/wii\libogc.a(conf.o)
                0x800243fc                CONF_GetIdleLedMode
 .text.CONF_GetProgressiveScan
                0x80024450       0x54 C:/devkitPro/libogc/lib/wii\libogc.a(conf.o)
                0x80024450                CONF_GetProgressiveScan
 .text.CONF_GetEuRGB60
                0x800244a4       0x54 C:/devkitPro/libogc/lib/wii\libogc.a(conf.o)
                0x800244a4                CONF_GetEuRGB60
 .text.CONF_GetIRSensitivity
                0x800244f8       0x54 C:/devkitPro/libogc/lib/wii\libogc.a(conf.o)
                0x800244f8                CONF_GetIRSensitivity
 .text.CONF_GetSensorBarPosition
                0x8002454c       0x54 C:/devkitPro/libogc/lib/wii\libogc.a(conf.o)
                0x8002454c                CONF_GetSensorBarPosition
 .text.CONF_GetCounterBias
                0x800245a0       0x4c C:/devkitPro/libogc/lib/wii\libogc.a(conf.o)
                0x800245a0                CONF_GetCounterBias
 .text.CONF_GetDisplayOffsetH
                0x800245ec       0x4c C:/devkitPro/libogc/lib/wii\libogc.a(conf.o)
                0x800245ec                CONF_GetDisplayOffsetH
 .text.CONF_GetPadDevices
                0x80024638       0x4c C:/devkitPro/libogc/lib/wii\libogc.a(conf.o)
                0x80024638                CONF_GetPadDevices
 .text.CONF_GetVideo
                0x80024684       0x88 C:/devkitPro/libogc/lib/wii\libogc.a(conf.o)
                0x80024684                CONF_GetVideo
 .text.__WII_WriteNANDBootInfo.isra.0
                0x8002470c       0xbc C:/devkitPro/libogc/lib/wii\libogc.a(wiilaunch.o)
 .text.__WII_WriteStateFlags.isra.0
                0x800247c8       0x94 C:/devkitPro/libogc/lib/wii\libogc.a(wiilaunch.o)
 .text.WII_Initialize
                0x8002485c      0x188 C:/devkitPro/libogc/lib/wii\libogc.a(wiilaunch.o)
                0x8002485c                WII_Initialize
 .text.WII_LaunchTitle
                0x800249e4      0x1ac C:/devkitPro/libogc/lib/wii\libogc.a(wiilaunch.o)
                0x800249e4                WII_LaunchTitle
 .text.WII_ReturnToMenu
                0x80024b90       0x58 C:/devkitPro/libogc/lib/wii\libogc.a(wiilaunch.o)
                0x80024b90                WII_ReturnToMenu
 .text.__lwp_priority_init
                0x80024be8       0x1c C:/devkitPro/libogc/lib/wii\libogc.a(lwp_priority.o)
                0x80024be8                __lwp_priority_init
 .text.__lwp_threadqueue_enqueuefifo
                0x80024c04      0x12c C:/devkitPro/libogc/lib/wii\libogc.a(lwp_threadq.o)
                0x80024c04                __lwp_threadqueue_enqueuefifo
 .text.__lwp_threadqueue_dequeuefifo
                0x80024d30      0x134 C:/devkitPro/libogc/lib/wii\libogc.a(lwp_threadq.o)
                0x80024d30                __lwp_threadqueue_dequeuefifo
 .text.__lwp_threadqueue_enqueuepriority
                0x80024e64      0x334 C:/devkitPro/libogc/lib/wii\libogc.a(lwp_threadq.o)
                0x80024e64                __lwp_threadqueue_enqueuepriority
 .text.__lwp_threadqueue_dequeuepriority
                0x80025198      0x1d8 C:/devkitPro/libogc/lib/wii\libogc.a(lwp_threadq.o)
                0x80025198                __lwp_threadqueue_dequeuepriority
 .text.__lwp_threadqueue_init
                0x80025370       0x64 C:/devkitPro/libogc/lib/wii\libogc.a(lwp_threadq.o)
                0x80025370                __lwp_threadqueue_init
 .text.__lwp_threadqueue_enqueue
                0x800253d4      0x138 C:/devkitPro/libogc/lib/wii\libogc.a(lwp_threadq.o)
                0x800253d4                __lwp_threadqueue_enqueue
 .text.__lwp_threadqueue_dequeue
                0x8002550c       0x24 C:/devkitPro/libogc/lib/wii\libogc.a(lwp_threadq.o)
                0x8002550c                __lwp_threadqueue_dequeue
 .text.__lwp_threadqueue_flush
                0x80025530       0x68 C:/devkitPro/libogc/lib/wii\libogc.a(lwp_threadq.o)
                0x80025530                __lwp_threadqueue_flush
 .text.__lwp_threadqueue_extractfifo
                0x80025598       0xe8 C:/devkitPro/libogc/lib/wii\libogc.a(lwp_threadq.o)
                0x80025598                __lwp_threadqueue_extractfifo
 .text.__lwp_threadqueue_extractpriority
                0x80025680      0x148 C:/devkitPro/libogc/lib/wii\libogc.a(lwp_threadq.o)
                0x80025680                __lwp_threadqueue_extractpriority
 .text.__lwp_threadqueue_timeout
                0x800257c8       0xd0 C:/devkitPro/libogc/lib/wii\libogc.a(lwp_threadq.o)
 .text.__lwp_threadqueue_extractproxy
                0x80025898       0x64 C:/devkitPro/libogc/lib/wii\libogc.a(lwp_threadq.o)
                0x80025898                __lwp_threadqueue_extractproxy
 .text.__lwp_mutex_initialize
                0x800258fc       0xa4 C:/devkitPro/libogc/lib/wii\libogc.a(lwp_mutex.o)
                0x800258fc                __lwp_mutex_initialize
 .text.__lwp_mutex_surrender
                0x800259a0      0x14c C:/devkitPro/libogc/lib/wii\libogc.a(lwp_mutex.o)
                0x800259a0                __lwp_mutex_surrender
 .text.__lwp_mutex_seize_irq_blocking
                0x80025aec       0xf8 C:/devkitPro/libogc/lib/wii\libogc.a(lwp_mutex.o)
                0x80025aec                __lwp_mutex_seize_irq_blocking
 .text.__lwp_mutex_flush
                0x80025be4        0x4 C:/devkitPro/libogc/lib/wii\libogc.a(lwp_mutex.o)
                0x80025be4                __lwp_mutex_flush
 .text.__systemcall_init
                0x80025be8       0x70 C:/devkitPro/libogc/lib/wii\libogc.a(exception.o)
                0x80025be8                __systemcall_init
 .text.__exception_init
                0x80025c58      0x120 C:/devkitPro/libogc/lib/wii\libogc.a(exception.o)
                0x80025c58                __exception_init
 .text.__exception_close
                0x80025d78       0xac C:/devkitPro/libogc/lib/wii\libogc.a(exception.o)
                0x80025d78                __exception_close
 .text.__exception_closeall
                0x80025e24       0x80 C:/devkitPro/libogc/lib/wii\libogc.a(exception.o)
                0x80025e24                __exception_closeall
 .text.c_default_exceptionhandler
                0x80025ea4      0x458 C:/devkitPro/libogc/lib/wii\libogc.a(exception.o)
                0x80025ea4                c_default_exceptionhandler
 .text.__lwp_sema_init
                0x800262fc       0x14 C:/devkitPro/libogc/lib/wii\libogc.a(semaphore.o)
                0x800262fc                __lwp_sema_init
 .text.SPEC1_MakeStatus
                0x80026310      0x104 C:/devkitPro/libogc/lib/wii\libogc.a(pad.o)
 .text.__pad_samplinghandler
                0x80026414        0x4 C:/devkitPro/libogc/lib/wii\libogc.a(pad.o)
 .text.__pad_doreset
                0x80026418       0x50 C:/devkitPro/libogc/lib/wii\libogc.a(pad.o)
 .text.__pad_updateorigin
                0x80026468       0xa4 C:/devkitPro/libogc/lib/wii\libogc.a(pad.o)
 .text.__pad_disable
                0x8002650c       0xbc C:/devkitPro/libogc/lib/wii\libogc.a(pad.o)
 .text.__pad_receivecheckcallback
                0x800265c8       0x84 C:/devkitPro/libogc/lib/wii\libogc.a(pad.o)
 .text.__pad_typeandstatuscallback
                0x8002664c      0x1ac C:/devkitPro/libogc/lib/wii\libogc.a(pad.o)
 .text.__pad_originupdatecallback
                0x800267f8       0x2c C:/devkitPro/libogc/lib/wii\libogc.a(pad.o)
 .text.__pad_onreset
                0x80026824      0x108 C:/devkitPro/libogc/lib/wii\libogc.a(pad.o)
 .text.SPEC2_MakeStatus
                0x8002692c      0x214 C:/devkitPro/libogc/lib/wii\libogc.a(pad.o)
 .text.__pad_origincallback
                0x80026b40       0x74 C:/devkitPro/libogc/lib/wii\libogc.a(pad.o)
 .text.__pad_probecallback
                0x80026bb4       0x88 C:/devkitPro/libogc/lib/wii\libogc.a(pad.o)
 .text.__PADDisableRecalibration
                0x80026c3c       0x64 C:/devkitPro/libogc/lib/wii\libogc.a(pad.o)
                0x80026c3c                __PADDisableRecalibration
 .text.PAD_Reset
                0x80026ca0       0xf0 C:/devkitPro/libogc/lib/wii\libogc.a(pad.o)
                0x80026ca0                PAD_Reset
 .text.PAD_Read
                0x80026d90      0x2d4 C:/devkitPro/libogc/lib/wii\libogc.a(pad.o)
                0x80026d90                PAD_Read
 .text.PAD_Init
                0x80027064       0xf8 C:/devkitPro/libogc/lib/wii\libogc.a(pad.o)
                0x80027064                PAD_Init
 .text.PAD_ScanPads
                0x8002715c      0x15c C:/devkitPro/libogc/lib/wii\libogc.a(pad.o)
                0x8002715c                PAD_ScanPads
 .text.PAD_ButtonsDown
                0x800272b8       0x40 C:/devkitPro/libogc/lib/wii\libogc.a(pad.o)
                0x800272b8                PAD_ButtonsDown
 .text.__exi_irq_handler
                0x800272f8       0x58 C:/devkitPro/libogc/lib/wii\libogc.a(exi.o)
 .text.__ext_irq_handler
                0x80027350       0xc8 C:/devkitPro/libogc/lib/wii\libogc.a(exi.o)
 .text.__tc_irq_handler
                0x80027418      0x178 C:/devkitPro/libogc/lib/wii\libogc.a(exi.o)
 .text.__exi_probe
                0x80027590      0x214 C:/devkitPro/libogc/lib/wii\libogc.a(exi.o)
 .text.__exi_attach
                0x800277a4      0x104 C:/devkitPro/libogc/lib/wii\libogc.a(exi.o)
 .text.EXI_Lock
                0x800278a8      0x218 C:/devkitPro/libogc/lib/wii\libogc.a(exi.o)
                0x800278a8                EXI_Lock
 .text.EXI_Unlock
                0x80027ac0      0x224 C:/devkitPro/libogc/lib/wii\libogc.a(exi.o)
                0x80027ac0                EXI_Unlock
 .text.EXI_Select
                0x80027ce4      0x208 C:/devkitPro/libogc/lib/wii\libogc.a(exi.o)
                0x80027ce4                EXI_Select
 .text.EXI_Deselect
                0x80027eec      0x16c C:/devkitPro/libogc/lib/wii\libogc.a(exi.o)
                0x80027eec                EXI_Deselect
 .text.EXI_Sync
                0x80028058      0x108 C:/devkitPro/libogc/lib/wii\libogc.a(exi.o)
                0x80028058                EXI_Sync
 .text.EXI_Imm  0x80028160      0x1f8 C:/devkitPro/libogc/lib/wii\libogc.a(exi.o)
                0x80028160                EXI_Imm
 .text.EXI_ImmEx
                0x80028358       0xd8 C:/devkitPro/libogc/lib/wii\libogc.a(exi.o)
                0x80028358                EXI_ImmEx
 .text.EXI_Dma  0x80028430      0x16c C:/devkitPro/libogc/lib/wii\libogc.a(exi.o)
                0x80028430                EXI_Dma
 .text.EXI_Detach
                0x8002859c       0xb0 C:/devkitPro/libogc/lib/wii\libogc.a(exi.o)
                0x8002859c                EXI_Detach
 .text.EXI_GetID
                0x8002864c      0x338 C:/devkitPro/libogc/lib/wii\libogc.a(exi.o)
                0x8002864c                EXI_GetID
 .text.__unlocked_handler
                0x80028984       0x28 C:/devkitPro/libogc/lib/wii\libogc.a(exi.o)
 .text.EXI_ProbeReset
                0x800289ac       0x70 C:/devkitPro/libogc/lib/wii\libogc.a(exi.o)
                0x800289ac                EXI_ProbeReset
 .text.__exi_init
                0x80028a1c      0x188 C:/devkitPro/libogc/lib/wii\libogc.a(exi.o)
                0x80028a1c                __exi_init
 .text.__lwp_mutex_locksupp.constprop.0
                0x80028ba4      0x2a8 C:/devkitPro/libogc/lib/wii\libogc.a(mutex.o)
 .text.__lwp_mutex_init
                0x80028e4c       0x14 C:/devkitPro/libogc/lib/wii\libogc.a(mutex.o)
                0x80028e4c                __lwp_mutex_init
 .text.LWP_MutexInit
                0x80028e60      0x100 C:/devkitPro/libogc/lib/wii\libogc.a(mutex.o)
                0x80028e60                LWP_MutexInit
 .text.LWP_MutexDestroy
                0x80028f60       0xf0 C:/devkitPro/libogc/lib/wii\libogc.a(mutex.o)
                0x80028f60                LWP_MutexDestroy
 .text.LWP_MutexLock
                0x80029050        0x8 C:/devkitPro/libogc/lib/wii\libogc.a(mutex.o)
                0x80029050                LWP_MutexLock
 .text.LWP_MutexUnlock
                0x80029058       0x9c C:/devkitPro/libogc/lib/wii\libogc.a(mutex.o)
                0x80029058                LWP_MutexUnlock
 .text.__GX_InitRevBits
                0x800290f4       0x98 C:/devkitPro/libogc/lib/wii\libogc.a(gx.o)
 .text.GX_AbortFrame
                0x8002918c      0x3d8 C:/devkitPro/libogc/lib/wii\libogc.a(gx.o)
                0x8002918c                GX_AbortFrame
 .text.number   0x80029564      0x318 C:/devkitPro/libogc/lib/wii\libogc.a(kprintf.o)
 .text.kvsprintf
                0x8002987c      0x888 C:/devkitPro/libogc/lib/wii\libogc.a(kprintf.o)
                0x8002987c                kvsprintf
 .text.kprintf  0x8002a104       0xac C:/devkitPro/libogc/lib/wii\libogc.a(kprintf.o)
                0x8002a104                kprintf
 .text.net_wc24cleanup
                0x8002a1b0       0x64 C:/devkitPro/libogc/lib/wii\libogc.a(network_wii.o)
                0x8002a1b0                net_wc24cleanup
 .text.hypotf   0x8002a214       0x8c C:/devkitPro/devkitPPC/bin/../lib/gcc/powerpc-eabi/13.2.0/../../../../powerpc-eabi/lib\libm.a(libm_a-wf_hypot.o)
                0x8002a214                hypotf
 .text.atanf    0x8002a2a0      0x290 C:/devkitPro/devkitPPC/bin/../lib/gcc/powerpc-eabi/13.2.0/../../../../powerpc-eabi/lib\libm.a(libm_a-sf_atan.o)
                0x8002a2a0                atanf
 .text.cosf     0x8002a530       0xe0 C:/devkitPro/devkitPPC/bin/../lib/gcc/powerpc-eabi/13.2.0/../../../../powerpc-eabi/lib\libm.a(libm_a-sf_cos.o)
                0x8002a530                cosf
 .text.sqrtf    0x8002a610       0x74 C:/devkitPro/devkitPPC/bin/../lib/gcc/powerpc-eabi/13.2.0/../../../../powerpc-eabi/lib\libm.a(libm_a-wf_sqrt.o)
                0x8002a610                sqrtf
 .text.fabsf    0x8002a684       0x20 C:/devkitPro/devkitPPC/bin/../lib/gcc/powerpc-eabi/13.2.0/../../../../powerpc-eabi/lib\libm.a(libm_a-sf_fabs.o)
                0x8002a684                fabsf
 .text.sincosf  0x8002a6a4       0x58 C:/devkitPro/devkitPPC/bin/../lib/gcc/powerpc-eabi/13.2.0/../../../../powerpc-eabi/lib\libm.a(libm_a-wf_sincos.o)
                0x8002a6a4                sincosf
 .text.sinf     0x8002a6fc       0xe4 C:/devkitPro/devkitPPC/bin/../lib/gcc/powerpc-eabi/13.2.0/../../../../powerpc-eabi/lib\libm.a(libm_a-sf_sin.o)
                0x8002a6fc                sinf